Archive member included to satisfy reference by file (symbol)

c:/ac6/systemworkbench/plugins/fr.ac6.mcu.externaltools.arm-none.win32_1.17.0.201812190825/tools/compiler/bin/../lib/gcc/arm-none-eabi/7.3.1/thumb/v7e-m/fpv4-sp/hard\libgcc.a(_arm_addsubdf3.o)
                              src/main.o (__aeabi_dadd)
c:/ac6/systemworkbench/plugins/fr.ac6.mcu.externaltools.arm-none.win32_1.17.0.201812190825/tools/compiler/bin/../lib/gcc/arm-none-eabi/7.3.1/thumb/v7e-m/fpv4-sp/hard\libgcc.a(_arm_muldivdf3.o)
                              src/main.o (__aeabi_dmul)
c:/ac6/systemworkbench/plugins/fr.ac6.mcu.externaltools.arm-none.win32_1.17.0.201812190825/tools/compiler/bin/../lib/gcc/arm-none-eabi/7.3.1/thumb/v7e-m/fpv4-sp/hard\libgcc.a(_arm_cmpdf2.o)
                              src/main.o (__aeabi_dcmpeq)
c:/ac6/systemworkbench/plugins/fr.ac6.mcu.externaltools.arm-none.win32_1.17.0.201812190825/tools/compiler/bin/../lib/gcc/arm-none-eabi/7.3.1/thumb/v7e-m/fpv4-sp/hard\libgcc.a(_arm_fixdfsi.o)
                              src/main.o (__aeabi_d2iz)
c:/ac6/systemworkbench/plugins/fr.ac6.mcu.externaltools.arm-none.win32_1.17.0.201812190825/tools/compiler/bin/../lib/gcc/arm-none-eabi/7.3.1/../../../../arm-none-eabi/lib/thumb/v7e-m/fpv4-sp/hard\libc.a(lib_a-errno.o)
                              startup/sysmem.o (__errno)
c:/ac6/systemworkbench/plugins/fr.ac6.mcu.externaltools.arm-none.win32_1.17.0.201812190825/tools/compiler/bin/../lib/gcc/arm-none-eabi/7.3.1/../../../../arm-none-eabi/lib/thumb/v7e-m/fpv4-sp/hard\libc.a(lib_a-exit.o)
                              c:/ac6/systemworkbench/plugins/fr.ac6.mcu.externaltools.arm-none.win32_1.17.0.201812190825/tools/compiler/bin/../lib/gcc/arm-none-eabi/7.3.1/../../../../arm-none-eabi/lib/thumb/v7e-m/fpv4-sp/hard/crt0.o (exit)
c:/ac6/systemworkbench/plugins/fr.ac6.mcu.externaltools.arm-none.win32_1.17.0.201812190825/tools/compiler/bin/../lib/gcc/arm-none-eabi/7.3.1/../../../../arm-none-eabi/lib/thumb/v7e-m/fpv4-sp/hard\libc.a(lib_a-fflush.o)
                              src/main.o (fflush)
c:/ac6/systemworkbench/plugins/fr.ac6.mcu.externaltools.arm-none.win32_1.17.0.201812190825/tools/compiler/bin/../lib/gcc/arm-none-eabi/7.3.1/../../../../arm-none-eabi/lib/thumb/v7e-m/fpv4-sp/hard\libc.a(lib_a-findfp.o)
                              c:/ac6/systemworkbench/plugins/fr.ac6.mcu.externaltools.arm-none.win32_1.17.0.201812190825/tools/compiler/bin/../lib/gcc/arm-none-eabi/7.3.1/../../../../arm-none-eabi/lib/thumb/v7e-m/fpv4-sp/hard\libc.a(lib_a-fflush.o) (__sinit)
c:/ac6/systemworkbench/plugins/fr.ac6.mcu.externaltools.arm-none.win32_1.17.0.201812190825/tools/compiler/bin/../lib/gcc/arm-none-eabi/7.3.1/../../../../arm-none-eabi/lib/thumb/v7e-m/fpv4-sp/hard\libc.a(lib_a-freer.o)
                              c:/ac6/systemworkbench/plugins/fr.ac6.mcu.externaltools.arm-none.win32_1.17.0.201812190825/tools/compiler/bin/../lib/gcc/arm-none-eabi/7.3.1/../../../../arm-none-eabi/lib/thumb/v7e-m/fpv4-sp/hard\libc.a(lib_a-fflush.o) (_free_r)
c:/ac6/systemworkbench/plugins/fr.ac6.mcu.externaltools.arm-none.win32_1.17.0.201812190825/tools/compiler/bin/../lib/gcc/arm-none-eabi/7.3.1/../../../../arm-none-eabi/lib/thumb/v7e-m/fpv4-sp/hard\libc.a(lib_a-fwalk.o)
                              c:/ac6/systemworkbench/plugins/fr.ac6.mcu.externaltools.arm-none.win32_1.17.0.201812190825/tools/compiler/bin/../lib/gcc/arm-none-eabi/7.3.1/../../../../arm-none-eabi/lib/thumb/v7e-m/fpv4-sp/hard\libc.a(lib_a-findfp.o) (_fwalk)
c:/ac6/systemworkbench/plugins/fr.ac6.mcu.externaltools.arm-none.win32_1.17.0.201812190825/tools/compiler/bin/../lib/gcc/arm-none-eabi/7.3.1/../../../../arm-none-eabi/lib/thumb/v7e-m/fpv4-sp/hard\libc.a(lib_a-impure.o)
                              c:/ac6/systemworkbench/plugins/fr.ac6.mcu.externaltools.arm-none.win32_1.17.0.201812190825/tools/compiler/bin/../lib/gcc/arm-none-eabi/7.3.1/../../../../arm-none-eabi/lib/thumb/v7e-m/fpv4-sp/hard\libc.a(lib_a-exit.o) (_global_impure_ptr)
c:/ac6/systemworkbench/plugins/fr.ac6.mcu.externaltools.arm-none.win32_1.17.0.201812190825/tools/compiler/bin/../lib/gcc/arm-none-eabi/7.3.1/../../../../arm-none-eabi/lib/thumb/v7e-m/fpv4-sp/hard\libc.a(lib_a-init.o)
                              c:/ac6/systemworkbench/plugins/fr.ac6.mcu.externaltools.arm-none.win32_1.17.0.201812190825/tools/compiler/bin/../lib/gcc/arm-none-eabi/7.3.1/../../../../arm-none-eabi/lib/thumb/v7e-m/fpv4-sp/hard/crt0.o (__libc_init_array)
c:/ac6/systemworkbench/plugins/fr.ac6.mcu.externaltools.arm-none.win32_1.17.0.201812190825/tools/compiler/bin/../lib/gcc/arm-none-eabi/7.3.1/../../../../arm-none-eabi/lib/thumb/v7e-m/fpv4-sp/hard\libc.a(lib_a-lock.o)
                              c:/ac6/systemworkbench/plugins/fr.ac6.mcu.externaltools.arm-none.win32_1.17.0.201812190825/tools/compiler/bin/../lib/gcc/arm-none-eabi/7.3.1/../../../../arm-none-eabi/lib/thumb/v7e-m/fpv4-sp/hard\libc.a(lib_a-findfp.o) (__retarget_lock_init_recursive)
[...]
Memory Configuration

Name             Origin             Length             Attributes
RAM              0x20000000         0x00018000         xrw
ROM              0x08000000         0x00080000         xr
*default*        0x00000000         0xffffffff

Linker script and memory map

LOAD c:/ac6/systemworkbench/plugins/fr.ac6.mcu.externaltools.arm-none.win32_1.17.0.201812190825/tools/compiler/bin/../lib/gcc/arm-none-eabi/7.3.1/thumb/v7e-m/fpv4-sp/hard/crti.o
LOAD c:/ac6/systemworkbench/plugins/fr.ac6.mcu.externaltools.arm-none.win32_1.17.0.201812190825/tools/compiler/bin/../lib/gcc/arm-none-eabi/7.3.1/thumb/v7e-m/fpv4-sp/hard/crtbegin.o
LOAD c:/ac6/systemworkbench/plugins/fr.ac6.mcu.externaltools.arm-none.win32_1.17.0.201812190825/tools/compiler/bin/../lib/gcc/arm-none-eabi/7.3.1/../../../../arm-none-eabi/lib/thumb/v7e-m/fpv4-sp/hard/crt0.o
LOAD src/main.o
LOAD startup/sysmem.o
LOAD stm32_unict_lib/src/adc.o
LOAD stm32_unict_lib/src/console.o
LOAD stm32_unict_lib/src/display.o
LOAD stm32_unict_lib/src/gpio.o
LOAD stm32_unict_lib/src/i2c.o
LOAD stm32_unict_lib/src/rtc.o
LOAD stm32_unict_lib/src/startup_stm32f401xe.o
LOAD stm32_unict_lib/src/syscalls.o
LOAD stm32_unict_lib/src/system_init.o
LOAD stm32_unict_lib/src/systick.o
LOAD stm32_unict_lib/src/timers.o
LOAD stm32_unict_lib/src/usart.o
LOAD c:/ac6/systemworkbench/plugins/fr.ac6.mcu.externaltools.arm-none.win32_1.17.0.201812190825/tools/compiler/bin/../lib/gcc/arm-none-eabi/7.3.1/../../../../arm-none-eabi/lib/thumb/v7e-m/fpv4-sp/hard\libm.a
START GROUP
LOAD c:/ac6/systemworkbench/plugins/fr.ac6.mcu.externaltools.arm-none.win32_1.17.0.201812190825/tools/compiler/bin/../lib/gcc/arm-none-eabi/7.3.1/thumb/v7e-m/fpv4-sp/hard\libgcc.a
LOAD c:/ac6/systemworkbench/plugins/fr.ac6.mcu.externaltools.arm-none.win32_1.17.0.201812190825/tools/compiler/bin/../lib/gcc/arm-none-eabi/7.3.1/../../../../arm-none-eabi/lib/thumb/v7e-m/fpv4-sp/hard\libc.a
END GROUP
LOAD c:/ac6/systemworkbench/plugins/fr.ac6.mcu.externaltools.arm-none.win32_1.17.0.201812190825/tools/compiler/bin/../lib/gcc/arm-none-eabi/7.3.1/thumb/v7e-m/fpv4-sp/hard/crtend.o
LOAD c:/ac6/systemworkbench/plugins/fr.ac6.mcu.externaltools.arm-none.win32_1.17.0.201812190825/tools/compiler/bin/../lib/gcc/arm-none-eabi/7.3.1/thumb/v7e-m/fpv4-sp/hard/crtn.o
                0x20018000                _estack = 0x20018000
                0x00000000                _Min_Heap_Size = 0x0
                0x00000400                _Min_Stack_Size = 0x400

.isr_vector     0x08000000      0x194
                0x08000000                . = ALIGN (0x4)
 *(.isr_vector)
 .isr_vector    0x08000000      0x194 stm32_unict_lib/src/startup_stm32f401xe.o
                0x08000000                g_pfnVectors
                0x08000194                . = ALIGN (0x4)

.text           0x080001c0     0x6810
                0x080001c0                . = ALIGN (0x4)
 *(.text)
 .text          0x080001c0       0x40 c:/ac6/systemworkbench/plugins/fr.ac6.mcu.externaltools.arm-none.win32_1.17.0.201812190825/tools/compiler/bin/../lib/gcc/arm-none-eabi/7.3.1/thumb/v7e-m/fpv4-sp/hard/crtbegin.o
 .text          0x08000200      0x378 c:/ac6/systemworkbench/plugins/fr.ac6.mcu.externaltools.arm-none.win32_1.17.0.201812190825/tools/compiler/bin/../lib/gcc/arm-none-eabi/7.3.1/thumb/v7e-m/fpv4-sp/hard\libgcc.a(_arm_addsubdf3.o)
                0x08000200                __aeabi_drsub
                0x08000208                __aeabi_dsub
                0x08000208                __subdf3
                0x0800020c                __aeabi_dadd
                0x0800020c                __adddf3
                0x08000484                __floatunsidf
                0x08000484                __aeabi_ui2d
                0x080004a4                __floatsidf
                0x080004a4                __aeabi_i2d
                0x080004c8                __aeabi_f2d
                0x080004c8                __extendsfdf2
                0x0800050c                __floatundidf
                0x0800050c                __aeabi_ul2d
                0x0800051c                __floatdidf
                0x0800051c                __aeabi_l2d
 .text          0x08000578      0x424 c:/ac6/systemworkbench/plugins/fr.ac6.mcu.externaltools.arm-none.win32_1.17.0.201812190825/tools/compiler/bin/../lib/gcc/arm-none-eabi/7.3.1/thumb/v7e-m/fpv4-sp/hard\libgcc.a(_arm_muldivdf3.o)
                0x08000578                __aeabi_dmul
                0x08000578                __muldf3
                0x080007cc                __divdf3
                0x080007cc                __aeabi_ddiv
 .text          0x0800099c      0x110 c:/ac6/systemworkbench/plugins/fr.ac6.mcu.externaltools.arm-none.win32_1.17.0.201812190825/tools/compiler/bin/../lib/gcc/arm-none-eabi/7.3.1/thumb/v7e-m/fpv4-sp/hard\libgcc.a(_arm_cmpdf2.o)
                0x0800099c                __gtdf2
                0x0800099c                __gedf2
                0x080009a4                __ltdf2
                0x080009a4                __ledf2
                0x080009ac                __nedf2
                0x080009ac                __eqdf2
                0x080009ac                __cmpdf2
                0x08000a28                __aeabi_cdrcmple
                0x08000a38                __aeabi_cdcmpeq
                0x08000a38                __aeabi_cdcmple
                0x08000a48                __aeabi_dcmpeq
                0x08000a5c                __aeabi_dcmplt
                0x08000a70                __aeabi_dcmple
                0x08000a84                __aeabi_dcmpge
                0x08000a98                __aeabi_dcmpgt
 .text          0x08000aac       0x50 c:/ac6/systemworkbench/plugins/fr.ac6.mcu.externaltools.arm-none.win32_1.17.0.201812190825/tools/compiler/bin/../lib/gcc/arm-none-eabi/7.3.1/thumb/v7e-m/fpv4-sp/hard\libgcc.a(_arm_fixdfsi.o)
                0x08000aac                __aeabi_d2iz
                0x08000aac                __fixdfsi
 *fill*         0x08000afc        0x4 
 .text          0x08000b00      0x2dc c:/ac6/systemworkbench/plugins/fr.ac6.mcu.externaltools.arm-none.win32_1.17.0.201812190825/tools/compiler/bin/../lib/gcc/arm-none-eabi/7.3.1/../../../../arm-none-eabi/lib/thumb/v7e-m/fpv4-sp/hard\libc.a(lib_a-strcmp.o)
                0x08000b08                strcmp
 *fill*         0x08000ddc       0x24 
 .text          0x08000e00       0xdc c:/ac6/systemworkbench/plugins/fr.ac6.mcu.externaltools.arm-none.win32_1.17.0.201812190825/tools/compiler/bin/../lib/gcc/arm-none-eabi/7.3.1/../../../../arm-none-eabi/lib/thumb/v7e-m/fpv4-sp/hard\libc.a(lib_a-strlen.o)
                0x08000e00                strlen
 *fill*         0x08000edc        0x4 
 .text          0x08000ee0       0xa0 c:/ac6/systemworkbench/plugins/fr.ac6.mcu.externaltools.arm-none.win32_1.17.0.201812190825/tools/compiler/bin/../lib/gcc/arm-none-eabi/7.3.1/../../../../arm-none-eabi/lib/thumb/v7e-m/fpv4-sp/hard\libc.a(lib_a-memchr.o)
                0x08000ee0                memchr
 .text          0x08000f80      0x134 c:/ac6/systemworkbench/plugins/fr.ac6.mcu.externaltools.arm-none.win32_1.17.0.201812190825/tools/compiler/bin/../lib/gcc/arm-none-eabi/7.3.1/../../../../arm-none-eabi/lib/thumb/v7e-m/fpv4-sp/hard\libc.a(lib_a-memcpy.o)
                0x08000f80                memcpy
 .text          0x080010b4       0x40 c:/ac6/systemworkbench/plugins/fr.ac6.mcu.externaltools.arm-none.win32_1.17.0.201812190825/tools/compiler/bin/../lib/gcc/arm-none-eabi/7.3.1/thumb/v7e-m/fpv4-sp/hard\libgcc.a(_arm_fixunsdfsi.o)
                0x080010b4                __aeabi_d2uiz
                0x080010b4                __fixunsdfsi
 *(.text*)
 .text.getstring
                0x080010f4       0x82 src/main.o
                0x080010f4                getstring
 *fill*         0x08001176        0x2 
 .text.setup    0x08001178      0x10c src/main.o
                0x08001178                setup
 .text.EXTI15_10_IRQHandler
                0x08001284       0x64 src/main.o
                0x08001284                EXTI15_10_IRQHandler
 .text.EXTI4_IRQHandler
                0x080012e8       0x64 src/main.o
                0x080012e8                EXTI4_IRQHandler
 .text.EXTI9_5_IRQHandler
                0x0800134c       0xa8 src/main.o
                0x0800134c                EXTI9_5_IRQHandler
 .text.TIM2_IRQHandler
                0x080013f4       0xf0 src/main.o
                0x080013f4                TIM2_IRQHandler
 .text.Animazione1
                0x080014e4      0x1d8 src/main.o
                0x080014e4                Animazione1
 .text.Animazione2
                0x080016bc      0x134 src/main.o
                0x080016bc                Animazione2
 .text.loop     0x080017f0      0x3a8 src/main.o
                0x080017f0                loop
 .text.main     0x08001b98        0xe src/main.o
                0x08001b98                main
 *fill*         0x08001ba6        0x2 
 .text._sbrk    0x08001ba8       0x58 startup/sysmem.o
                0x08001ba8                _sbrk
 .text.ADC_init
                0x08001c00       0x3c stm32_unict_lib/src/adc.o
                0x08001c00                ADC_init
 .text.ADC_channel_config
                0x08001c3c       0x60 stm32_unict_lib/src/adc.o
                0x08001c3c                ADC_channel_config
 .text.ADC_sample_channel
                0x08001c9c       0x22 stm32_unict_lib/src/adc.o
                0x08001c9c                ADC_sample_channel
 .text.ADC_start
                0x08001cbe       0x20 stm32_unict_lib/src/adc.o
                0x08001cbe                ADC_start
 *fill*         0x08001cde        0x2 
 .text.CONSOLE_init
                0x08001ce0       0xb0 stm32_unict_lib/src/console.o
                0x08001ce0                CONSOLE_init
 .text.__io_putchar
                0x08001d90       0x30 stm32_unict_lib/src/console.o
                0x08001d90                __io_putchar
 .text.readchar
                0x08001dc0       0x14 stm32_unict_lib/src/console.o
                0x08001dc0                readchar
 .text.setup_character_table
                0x08001dd4      0x1f8 stm32_unict_lib/src/display.o
 .text.DISPLAY_init
                0x08001fcc      0x14c stm32_unict_lib/src/display.o
                0x08001fcc                DISPLAY_init
 .text.DISPLAY_set
                0x08002118       0x6c stm32_unict_lib/src/display.o
 .text.digit_on_off
                0x08002184       0x44 stm32_unict_lib/src/display.o
 .text.TIM5_IRQHandler
                0x080021c8       0x6c stm32_unict_lib/src/display.o
                0x080021c8                TIM5_IRQHandler
 .text.DISPLAY_putc
                0x08002234       0x44 stm32_unict_lib/src/display.o
                0x08002234                DISPLAY_putc
 .text.DISPLAY_puts
                0x08002278       0x40 stm32_unict_lib/src/display.o
                0x08002278                DISPLAY_puts
 .text.__NVIC_EnableIRQ
                0x080022b8       0x3c stm32_unict_lib/src/gpio.o
 .text.GPIO_init
                0x080022f4       0xb4 stm32_unict_lib/src/gpio.o
                0x080022f4                GPIO_init
 .text.GPIO_config_input
                0x080023a8       0x54 stm32_unict_lib/src/gpio.o
                0x080023a8                GPIO_config_input
 .text.GPIO_config_output
                0x080023fc       0x74 stm32_unict_lib/src/gpio.o
                0x080023fc                GPIO_config_output
 .text.GPIO_write
                0x08002470       0x3e stm32_unict_lib/src/gpio.o
                0x08002470                GPIO_write
 *fill*         0x080024ae        0x2 
 .text.GPIO_config_EXTI
                0x080024b0      0x23c stm32_unict_lib/src/gpio.o
                0x080024b0                GPIO_config_EXTI
 .text.EXTI_enable
                0x080026ec      0x168 stm32_unict_lib/src/gpio.o
                0x080026ec                EXTI_enable
 .text.EXTI_clear
                0x08002854       0x24 stm32_unict_lib/src/gpio.o
                0x08002854                EXTI_clear
 .text.EXTI_isset
                0x08002878       0x34 stm32_unict_lib/src/gpio.o
                0x08002878                EXTI_isset
 .text.Reset_Handler
                0x080028ac       0x50 stm32_unict_lib/src/startup_stm32f401xe.o
                0x080028ac                Reset_Handler
 .text.Default_Handler
                0x080028fc        0x2 stm32_unict_lib/src/startup_stm32f401xe.o
                0x080028fc                RTC_Alarm_IRQHandler
                0x080028fc                EXTI2_IRQHandler
                0x080028fc                DebugMon_Handler
                0x080028fc                SPI4_IRQHandler
                0x080028fc                TIM1_CC_IRQHandler
                0x080028fc                DMA2_Stream5_IRQHandler
                0x080028fc                HardFault_Handler
                0x080028fc                DMA1_Stream5_IRQHandler
                0x080028fc                PVD_IRQHandler
                0x080028fc                SDIO_IRQHandler
                0x080028fc                TAMP_STAMP_IRQHandler
                0x080028fc                PendSV_Handler
                0x080028fc                NMI_Handler
                0x080028fc                EXTI3_IRQHandler
                0x080028fc                TIM1_UP_TIM10_IRQHandler
                0x080028fc                I2C3_ER_IRQHandler
                0x080028fc                EXTI0_IRQHandler
                0x080028fc                I2C2_EV_IRQHandler
                0x080028fc                DMA1_Stream2_IRQHandler
                0x080028fc                FPU_IRQHandler
                0x080028fc                UsageFault_Handler
                0x080028fc                DMA2_Stream2_IRQHandler
                0x080028fc                SPI1_IRQHandler
                0x080028fc                TIM1_BRK_TIM9_IRQHandler
                0x080028fc                DMA2_Stream3_IRQHandler
                0x080028fc                USART6_IRQHandler
                0x080028fc                DMA2_Stream0_IRQHandler
                0x080028fc                TIM4_IRQHandler
                0x080028fc                I2C1_EV_IRQHandler
                0x080028fc                DMA1_Stream6_IRQHandler
                0x080028fc                DMA1_Stream1_IRQHandler
                0x080028fc                TIM3_IRQHandler
                0x080028fc                RCC_IRQHandler
                0x080028fc                Default_Handler
                0x080028fc                ADC_IRQHandler
                0x080028fc                DMA1_Stream7_IRQHandler
                0x080028fc                DMA2_Stream7_IRQHandler
                0x080028fc                I2C3_EV_IRQHandler
                0x080028fc                RTC_WKUP_IRQHandler
                0x080028fc                SPI2_IRQHandler
                0x080028fc                MemManage_Handler
                0x080028fc                DMA1_Stream0_IRQHandler
                0x080028fc                SVC_Handler
                0x080028fc                WWDG_IRQHandler
                0x080028fc                OTG_FS_WKUP_IRQHandler
                0x080028fc                TIM1_TRG_COM_TIM11_IRQHandler
                0x080028fc                EXTI1_IRQHandler
                0x080028fc                USART2_IRQHandler
                0x080028fc                I2C2_ER_IRQHandler
                0x080028fc                DMA2_Stream1_IRQHandler
                0x080028fc                FLASH_IRQHandler
                0x080028fc                DMA2_Stream4_IRQHandler
                0x080028fc                BusFault_Handler
                0x080028fc                USART1_IRQHandler
                0x080028fc                OTG_FS_IRQHandler
                0x080028fc                SPI3_IRQHandler
                0x080028fc                DMA1_Stream4_IRQHandler
                0x080028fc                I2C1_ER_IRQHandler
                0x080028fc                DMA2_Stream6_IRQHandler
                0x080028fc                DMA1_Stream3_IRQHandler
 .text._write   0x080028fe       0x38 stm32_unict_lib/src/syscalls.o
                0x080028fe                _write
 .text._close   0x08002936       0x18 stm32_unict_lib/src/syscalls.o
                0x08002936                _close
 .text._fstat   0x0800294e       0x20 stm32_unict_lib/src/syscalls.o
                0x0800294e                _fstat
 .text._isatty  0x0800296e       0x16 stm32_unict_lib/src/syscalls.o
                0x0800296e                _isatty
 .text._lseek   0x08002984       0x1a stm32_unict_lib/src/syscalls.o
                0x08002984                _lseek
 .text._read    0x0800299e       0x3a stm32_unict_lib/src/syscalls.o
                0x0800299e                _read
 .text.SystemInitError
                0x080029d8        0xc stm32_unict_lib/src/system_init.o
                0x080029d8                SystemInitError
 .text.SystemInit
                0x080029e4       0xfc stm32_unict_lib/src/system_init.o
                0x080029e4                SystemInit
 .text.__NVIC_SetPriority
                0x08002ae0       0x54 stm32_unict_lib/src/systick.o
 .text.SysTick_Config
                0x08002b34       0x44 stm32_unict_lib/src/systick.o
 .text.systick_init
                0x08002b78       0x24 stm32_unict_lib/src/systick.o
                0x08002b78                systick_init
 .text.SysTick_Handler
                0x08002b9c       0x1c stm32_unict_lib/src/systick.o
                0x08002b9c                SysTick_Handler
 .text.__NVIC_EnableIRQ
                0x08002bb8       0x3c stm32_unict_lib/src/timers.o
 .text.TIM_init
                0x08002bf4       0xb8 stm32_unict_lib/src/timers.o
                0x08002bf4                TIM_init
 .text.TIM_config_timebase
                0x08002cac       0x2c stm32_unict_lib/src/timers.o
                0x08002cac                TIM_config_timebase
 .text.TIM_enable_irq
                0x08002cd8       0x6c stm32_unict_lib/src/timers.o
                0x08002cd8                TIM_enable_irq
 .text.USART_init
                0x08002d44       0x78 stm32_unict_lib/src/usart.o
                0x08002d44                USART_init
 .text.USART_putc
                0x08002dbc       0x2c stm32_unict_lib/src/usart.o
                0x08002dbc                USART_putc
 .text.USART_getc
                0x08002de8       0x28 stm32_unict_lib/src/usart.o
                0x08002de8                USART_getc
 .text.__errno  0x08002e10        0xc c:/ac6/systemworkbench/plugins/fr.ac6.mcu.externaltools.arm-none.win32_1.17.0.201812190825/tools/compiler/bin/../lib/gcc/arm-none-eabi/7.3.1/../../../../arm-none-eabi/lib/thumb/v7e-m/fpv4-sp/hard\libc.a(lib_a-errno.o)
                0x08002e10                __errno
 .text.__sflush_r
                0x08002e1c      0x154 c:/ac6/systemworkbench/plugins/fr.ac6.mcu.externaltools.arm-none.win32_1.17.0.201812190825/tools/compiler/bin/../lib/gcc/arm-none-eabi/7.3.1/../../../../arm-none-eabi/lib/thumb/v7e-m/fpv4-sp/hard\libc.a(lib_a-fflush.o)
                0x08002e1c                __sflush_r
 .text._fflush_r
                0x08002f70       0x5c c:/ac6/systemworkbench/plugins/fr.ac6.mcu.externaltools.arm-none.win32_1.17.0.201812190825/tools/compiler/bin/../lib/gcc/arm-none-eabi/7.3.1/../../../../arm-none-eabi/lib/thumb/v7e-m/fpv4-sp/hard\libc.a(lib_a-fflush.o)
                0x08002f70                _fflush_r
 .text.fflush   0x08002fcc       0x24 c:/ac6/systemworkbench/plugins/fr.ac6.mcu.externaltools.arm-none.win32_1.17.0.201812190825/tools/compiler/bin/../lib/gcc/arm-none-eabi/7.3.1/../../../../arm-none-eabi/lib/thumb/v7e-m/fpv4-sp/hard\libc.a(lib_a-fflush.o)
                0x08002fcc                fflush
 .text.std      0x08002ff0       0x50 c:/ac6/systemworkbench/plugins/fr.ac6.mcu.externaltools.arm-none.win32_1.17.0.201812190825/tools/compiler/bin/../lib/gcc/arm-none-eabi/7.3.1/../../../../arm-none-eabi/lib/thumb/v7e-m/fpv4-sp/hard\libc.a(lib_a-findfp.o)
 .text._cleanup_r
                0x08003040        0xc c:/ac6/systemworkbench/plugins/fr.ac6.mcu.externaltools.arm-none.win32_1.17.0.201812190825/tools/compiler/bin/../lib/gcc/arm-none-eabi/7.3.1/../../../../arm-none-eabi/lib/thumb/v7e-m/fpv4-sp/hard\libc.a(lib_a-findfp.o)
                0x08003040                _cleanup_r
 .text.__sinit  0x0800304c       0x58 c:/ac6/systemworkbench/plugins/fr.ac6.mcu.externaltools.arm-none.win32_1.17.0.201812190825/tools/compiler/bin/../lib/gcc/arm-none-eabi/7.3.1/../../../../arm-none-eabi/lib/thumb/v7e-m/fpv4-sp/hard\libc.a(lib_a-findfp.o)
                0x0800304c                __sinit
 .text.__sfp_lock_acquire
                0x080030a4        0xc c:/ac6/systemworkbench/plugins/fr.ac6.mcu.externaltools.arm-none.win32_1.17.0.201812190825/tools/compiler/bin/../lib/gcc/arm-none-eabi/7.3.1/../../../../arm-none-eabi/lib/thumb/v7e-m/fpv4-sp/hard\libc.a(lib_a-findfp.o)
                0x080030a4                __sfp_lock_acquire
 .text.__sfp_lock_release
                0x080030b0        0xc c:/ac6/systemworkbench/plugins/fr.ac6.mcu.externaltools.arm-none.win32_1.17.0.201812190825/tools/compiler/bin/../lib/gcc/arm-none-eabi/7.3.1/../../../../arm-none-eabi/lib/thumb/v7e-m/fpv4-sp/hard\libc.a(lib_a-findfp.o)
                0x080030b0                __sfp_lock_release
 .text._malloc_trim_r
                0x080030bc       0xa0 c:/ac6/systemworkbench/plugins/fr.ac6.mcu.externaltools.arm-none.win32_1.17.0.201812190825/tools/compiler/bin/../lib/gcc/arm-none-eabi/7.3.1/../../../../arm-none-eabi/lib/thumb/v7e-m/fpv4-sp/hard\libc.a(lib_a-freer.o)
                0x080030bc                _malloc_trim_r
 .text._free_r  0x0800315c      0x1e8 c:/ac6/systemworkbench/plugins/fr.ac6.mcu.externaltools.arm-none.win32_1.17.0.201812190825/tools/compiler/bin/../lib/gcc/arm-none-eabi/7.3.1/../../../../arm-none-eabi/lib/thumb/v7e-m/fpv4-sp/hard\libc.a(lib_a-freer.o)
                0x0800315c                _free_r
 .text._fwalk_reent
                0x08003344       0x54 c:/ac6/systemworkbench/plugins/fr.ac6.mcu.externaltools.arm-none.win32_1.17.0.201812190825/tools/compiler/bin/../lib/gcc/arm-none-eabi/7.3.1/../../../../arm-none-eabi/lib/thumb/v7e-m/fpv4-sp/hard\libc.a(lib_a-fwalk.o)
                0x08003344                _fwalk_reent
 .text.__libc_init_array
                0x08003398       0x48 c:/ac6/systemworkbench/plugins/fr.ac6.mcu.externaltools.arm-none.win32_1.17.0.201812190825/tools/compiler/bin/../lib/gcc/arm-none-eabi/7.3.1/../../../../arm-none-eabi/lib/thumb/v7e-m/fpv4-sp/hard\libc.a(lib_a-init.o)
                0x08003398                __libc_init_array
 .text.__retarget_lock_init_recursive
                0x080033e0        0x4 c:/ac6/systemworkbench/plugins/fr.ac6.mcu.externaltools.arm-none.win32_1.17.0.201812190825/tools/compiler/bin/../lib/gcc/arm-none-eabi/7.3.1/../../../../arm-none-eabi/lib/thumb/v7e-m/fpv4-sp/hard\libc.a(lib_a-lock.o)
                0x080033e0                __retarget_lock_init_recursive
 .text.__retarget_lock_close_recursive
                0x080033e4        0x4 c:/ac6/systemworkbench/plugins/fr.ac6.mcu.externaltools.arm-none.win32_1.17.0.201812190825/tools/compiler/bin/../lib/gcc/arm-none-eabi/7.3.1/../../../../arm-none-eabi/lib/thumb/v7e-m/fpv4-sp/hard\libc.a(lib_a-lock.o)
                0x080033e4                __retarget_lock_close_recursive
 .text.__retarget_lock_acquire_recursive
                0x080033e8        0x4 c:/ac6/systemworkbench/plugins/fr.ac6.mcu.externaltools.arm-none.win32_1.17.0.201812190825/tools/compiler/bin/../lib/gcc/arm-none-eabi/7.3.1/../../../../arm-none-eabi/lib/thumb/v7e-m/fpv4-sp/hard\libc.a(lib_a-lock.o)
                0x080033e8                __retarget_lock_acquire_recursive
 .text.__retarget_lock_release_recursive
                0x080033ec        0x4 c:/ac6/systemworkbench/plugins/fr.ac6.mcu.externaltools.arm-none.win32_1.17.0.201812190825/tools/compiler/bin/../lib/gcc/arm-none-eabi/7.3.1/../../../../arm-none-eabi/lib/thumb/v7e-m/fpv4-sp/hard\libc.a(lib_a-lock.o)
                0x080033ec                __retarget_lock_release_recursive
 .text._malloc_r
                0x080033f0      0x548 c:/ac6/systemworkbench/plugins/fr.ac6.mcu.externaltools.arm-none.win32_1.17.0.201812190825/tools/compiler/bin/../lib/gcc/arm-none-eabi/7.3.1/../../../../arm-none-eabi/lib/thumb/v7e-m/fpv4-sp/hard\libc.a(lib_a-mallocr.o)
                0x080033f0                _malloc_r
 .text.memset   0x08003938       0x94 c:/ac6/systemworkbench/plugins/fr.ac6.mcu.externaltools.arm-none.win32_1.17.0.201812190825/tools/compiler/bin/../lib/gcc/arm-none-eabi/7.3.1/../../../../arm-none-eabi/lib/thumb/v7e-m/fpv4-sp/hard\libc.a(lib_a-memset.o)
                0x08003938                memset
 .text.__malloc_lock
                0x080039cc        0xc c:/ac6/systemworkbench/plugins/fr.ac6.mcu.externaltools.arm-none.win32_1.17.0.201812190825/tools/compiler/bin/../lib/gcc/arm-none-eabi/7.3.1/../../../../arm-none-eabi/lib/thumb/v7e-m/fpv4-sp/hard\libc.a(lib_a-mlock.o)
                0x080039cc                __malloc_lock
 .text.__malloc_unlock
                0x080039d8        0xc c:/ac6/systemworkbench/plugins/fr.ac6.mcu.externaltools.arm-none.win32_1.17.0.201812190825/tools/compiler/bin/../lib/gcc/arm-none-eabi/7.3.1/../../../../arm-none-eabi/lib/thumb/v7e-m/fpv4-sp/hard\libc.a(lib_a-mlock.o)
                0x080039d8                __malloc_unlock
 .text.putchar  0x080039e4       0x14 c:/ac6/systemworkbench/plugins/fr.ac6.mcu.externaltools.arm-none.win32_1.17.0.201812190825/tools/compiler/bin/../lib/gcc/arm-none-eabi/7.3.1/../../../../arm-none-eabi/lib/thumb/v7e-m/fpv4-sp/hard\libc.a(lib_a-putchar.o)
                0x080039e4                putchar
 .text._puts_r  0x080039f8       0x9c c:/ac6/systemworkbench/plugins/fr.ac6.mcu.externaltools.arm-none.win32_1.17.0.201812190825/tools/compiler/bin/../lib/gcc/arm-none-eabi/7.3.1/../../../../arm-none-eabi/lib/thumb/v7e-m/fpv4-sp/hard\libc.a(lib_a-puts.o)
                0x080039f8                _puts_r
 .text.puts     0x08003a94       0x10 c:/ac6/systemworkbench/plugins/fr.ac6.mcu.externaltools.arm-none.win32_1.17.0.201812190825/tools/compiler/bin/../lib/gcc/arm-none-eabi/7.3.1/../../../../arm-none-eabi/lib/thumb/v7e-m/fpv4-sp/hard\libc.a(lib_a-puts.o)
                0x08003a94                puts
 .text._sbrk_r  0x08003aa4       0x24 c:/ac6/systemworkbench/plugins/fr.ac6.mcu.externaltools.arm-none.win32_1.17.0.201812190825/tools/compiler/bin/../lib/gcc/arm-none-eabi/7.3.1/../../../../arm-none-eabi/lib/thumb/v7e-m/fpv4-sp/hard\libc.a(lib_a-sbrkr.o)
                0x08003aa4                _sbrk_r
 .text.__sread  0x08003ac8       0x24 c:/ac6/systemworkbench/plugins/fr.ac6.mcu.externaltools.arm-none.win32_1.17.0.201812190825/tools/compiler/bin/../lib/gcc/arm-none-eabi/7.3.1/../../../../arm-none-eabi/lib/thumb/v7e-m/fpv4-sp/hard\libc.a(lib_a-stdio.o)
                0x08003ac8                __sread
 .text.__swrite
                0x08003aec       0x3c c:/ac6/systemworkbench/plugins/fr.ac6.mcu.externaltools.arm-none.win32_1.17.0.201812190825/tools/compiler/bin/../lib/gcc/arm-none-eabi/7.3.1/../../../../arm-none-eabi/lib/thumb/v7e-m/fpv4-sp/hard\libc.a(lib_a-stdio.o)
                0x08003aec                __swrite
 .text.__sseek  0x08003b28       0x20 c:/ac6/systemworkbench/plugins/fr.ac6.mcu.externaltools.arm-none.win32_1.17.0.201812190825/tools/compiler/bin/../lib/gcc/arm-none-eabi/7.3.1/../../../../arm-none-eabi/lib/thumb/v7e-m/fpv4-sp/hard\libc.a(lib_a-stdio.o)
                0x08003b28                __sseek
 .text.__sclose
                0x08003b48        0x8 c:/ac6/systemworkbench/plugins/fr.ac6.mcu.externaltools.arm-none.win32_1.17.0.201812190825/tools/compiler/bin/../lib/gcc/arm-none-eabi/7.3.1/../../../../arm-none-eabi/lib/thumb/v7e-m/fpv4-sp/hard\libc.a(lib_a-stdio.o)
                0x08003b48                __sclose
 .text.unlikely.sulp
                0x08003b50       0x38 c:/ac6/systemworkbench/plugins/fr.ac6.mcu.externaltools.arm-none.win32_1.17.0.201812190825/tools/compiler/bin/../lib/gcc/arm-none-eabi/7.3.1/../../../../arm-none-eabi/lib/thumb/v7e-m/fpv4-sp/hard\libc.a(lib_a-strtod.o)
 .text._strtod_l
                0x08003b88      0xf1c c:/ac6/systemworkbench/plugins/fr.ac6.mcu.externaltools.arm-none.win32_1.17.0.201812190825/tools/compiler/bin/../lib/gcc/arm-none-eabi/7.3.1/../../../../arm-none-eabi/lib/thumb/v7e-m/fpv4-sp/hard\libc.a(lib_a-strtod.o)
                0x08003b88                _strtod_l
 .text.strtod   0x08004aa4       0x24 c:/ac6/systemworkbench/plugins/fr.ac6.mcu.externaltools.arm-none.win32_1.17.0.201812190825/tools/compiler/bin/../lib/gcc/arm-none-eabi/7.3.1/../../../../arm-none-eabi/lib/thumb/v7e-m/fpv4-sp/hard\libc.a(lib_a-strtod.o)
                0x08004aa4                strtod
 .text.strtok   0x08004ac8       0x10 c:/ac6/systemworkbench/plugins/fr.ac6.mcu.externaltools.arm-none.win32_1.17.0.201812190825/tools/compiler/bin/../lib/gcc/arm-none-eabi/7.3.1/../../../../arm-none-eabi/lib/thumb/v7e-m/fpv4-sp/hard\libc.a(lib_a-strtok.o)
                0x08004ac8                strtok
 .text.__strtok_r
                0x08004ad8       0x64 c:/ac6/systemworkbench/plugins/fr.ac6.mcu.externaltools.arm-none.win32_1.17.0.201812190825/tools/compiler/bin/../lib/gcc/arm-none-eabi/7.3.1/../../../../arm-none-eabi/lib/thumb/v7e-m/fpv4-sp/hard\libc.a(lib_a-strtok_r.o)
                0x08004ad8                __strtok_r
 .text._write_r
                0x08004b3c       0x2c c:/ac6/systemworkbench/plugins/fr.ac6.mcu.externaltools.arm-none.win32_1.17.0.201812190825/tools/compiler/bin/../lib/gcc/arm-none-eabi/7.3.1/../../../../arm-none-eabi/lib/thumb/v7e-m/fpv4-sp/hard\libc.a(lib_a-writer.o)
                0x08004b3c                _write_r
 .text.startup.register_fini
                0x08004b68       0x14 c:/ac6/systemworkbench/plugins/fr.ac6.mcu.externaltools.arm-none.win32_1.17.0.201812190825/tools/compiler/bin/../lib/gcc/arm-none-eabi/7.3.1/../../../../arm-none-eabi/lib/thumb/v7e-m/fpv4-sp/hard\libc.a(lib_a-__call_atexit.o)
 .text.atexit   0x08004b7c        0xc c:/ac6/systemworkbench/plugins/fr.ac6.mcu.externaltools.arm-none.win32_1.17.0.201812190825/tools/compiler/bin/../lib/gcc/arm-none-eabi/7.3.1/../../../../arm-none-eabi/lib/thumb/v7e-m/fpv4-sp/hard\libc.a(lib_a-atexit.o)
                0x08004b7c                atexit
 .text._close_r
                0x08004b88       0x24 c:/ac6/systemworkbench/plugins/fr.ac6.mcu.externaltools.arm-none.win32_1.17.0.201812190825/tools/compiler/bin/../lib/gcc/arm-none-eabi/7.3.1/../../../../arm-none-eabi/lib/thumb/v7e-m/fpv4-sp/hard\libc.a(lib_a-closer.o)
                0x08004b88                _close_r
 .text._fclose_r
                0x08004bac       0xd0 c:/ac6/systemworkbench/plugins/fr.ac6.mcu.externaltools.arm-none.win32_1.17.0.201812190825/tools/compiler/bin/../lib/gcc/arm-none-eabi/7.3.1/../../../../arm-none-eabi/lib/thumb/v7e-m/fpv4-sp/hard\libc.a(lib_a-fclose.o)
                0x08004bac                _fclose_r
 .text.__libc_fini_array
                0x08004c7c       0x34 c:/ac6/systemworkbench/plugins/fr.ac6.mcu.externaltools.arm-none.win32_1.17.0.201812190825/tools/compiler/bin/../lib/gcc/arm-none-eabi/7.3.1/../../../../arm-none-eabi/lib/thumb/v7e-m/fpv4-sp/hard\libc.a(lib_a-fini.o)
                0x08004c7c                __libc_fini_array
 .text.__sfvwrite_r
                0x08004cb0      0x2fc c:/ac6/systemworkbench/plugins/fr.ac6.mcu.externaltools.arm-none.win32_1.17.0.201812190825/tools/compiler/bin/../lib/gcc/arm-none-eabi/7.3.1/../../../../arm-none-eabi/lib/thumb/v7e-m/fpv4-sp/hard\libc.a(lib_a-fvwrite.o)
                0x08004cb0                __sfvwrite_r
 .text.rshift   0x08004fac       0xb0 c:/ac6/systemworkbench/plugins/fr.ac6.mcu.externaltools.arm-none.win32_1.17.0.201812190825/tools/compiler/bin/../lib/gcc/arm-none-eabi/7.3.1/../../../../arm-none-eabi/lib/thumb/v7e-m/fpv4-sp/hard\libc.a(lib_a-gdtoa-gethex.o)
 .text.__gethex
                0x0800505c      0x520 c:/ac6/systemworkbench/plugins/fr.ac6.mcu.externaltools.arm-none.win32_1.17.0.201812190825/tools/compiler/bin/../lib/gcc/arm-none-eabi/7.3.1/../../../../arm-none-eabi/lib/thumb/v7e-m/fpv4-sp/hard\libc.a(lib_a-gdtoa-gethex.o)
                0x0800505c                __gethex
 .text.__match  0x0800557c       0x30 c:/ac6/systemworkbench/plugins/fr.ac6.mcu.externaltools.arm-none.win32_1.17.0.201812190825/tools/compiler/bin/../lib/gcc/arm-none-eabi/7.3.1/../../../../arm-none-eabi/lib/thumb/v7e-m/fpv4-sp/hard\libc.a(lib_a-gdtoa-hexnan.o)
                0x0800557c                __match
 .text.__hexnan
                0x080055ac      0x1a0 c:/ac6/systemworkbench/plugins/fr.ac6.mcu.externaltools.arm-none.win32_1.17.0.201812190825/tools/compiler/bin/../lib/gcc/arm-none-eabi/7.3.1/../../../../arm-none-eabi/lib/thumb/v7e-m/fpv4-sp/hard\libc.a(lib_a-gdtoa-hexnan.o)
                0x080055ac                __hexnan
 .text.__localeconv_l
                0x0800574c        0x4 c:/ac6/systemworkbench/plugins/fr.ac6.mcu.externaltools.arm-none.win32_1.17.0.201812190825/tools/compiler/bin/../lib/gcc/arm-none-eabi/7.3.1/../../../../arm-none-eabi/lib/thumb/v7e-m/fpv4-sp/hard\libc.a(lib_a-localeconv.o)
                0x0800574c                __localeconv_l
 .text._lseek_r
                0x08005750       0x2c c:/ac6/systemworkbench/plugins/fr.ac6.mcu.externaltools.arm-none.win32_1.17.0.201812190825/tools/compiler/bin/../lib/gcc/arm-none-eabi/7.3.1/../../../../arm-none-eabi/lib/thumb/v7e-m/fpv4-sp/hard\libc.a(lib_a-lseekr.o)
                0x08005750                _lseek_r
 .text.__ascii_mbtowc
                0x0800577c       0x2c c:/ac6/systemworkbench/plugins/fr.ac6.mcu.externaltools.arm-none.win32_1.17.0.201812190825/tools/compiler/bin/../lib/gcc/arm-none-eabi/7.3.1/../../../../arm-none-eabi/lib/thumb/v7e-m/fpv4-sp/hard\libc.a(lib_a-mbtowc_r.o)
                0x0800577c                __ascii_mbtowc
 .text.memmove  0x080057a8       0xc8 c:/ac6/systemworkbench/plugins/fr.ac6.mcu.externaltools.arm-none.win32_1.17.0.201812190825/tools/compiler/bin/../lib/gcc/arm-none-eabi/7.3.1/../../../../arm-none-eabi/lib/thumb/v7e-m/fpv4-sp/hard\libc.a(lib_a-memmove.o)
                0x080057a8                memmove
 .text._Balloc  0x08005870       0x4c c:/ac6/systemworkbench/plugins/fr.ac6.mcu.externaltools.arm-none.win32_1.17.0.201812190825/tools/compiler/bin/../lib/gcc/arm-none-eabi/7.3.1/../../../../arm-none-eabi/lib/thumb/v7e-m/fpv4-sp/hard\libc.a(lib_a-mprec.o)
                0x08005870                _Balloc
 .text._Bfree   0x080058bc       0x14 c:/ac6/systemworkbench/plugins/fr.ac6.mcu.externaltools.arm-none.win32_1.17.0.201812190825/tools/compiler/bin/../lib/gcc/arm-none-eabi/7.3.1/../../../../arm-none-eabi/lib/thumb/v7e-m/fpv4-sp/hard\libc.a(lib_a-mprec.o)
                0x080058bc                _Bfree
 .text.__multadd
                0x080058d0       0x80 c:/ac6/systemworkbench/plugins/fr.ac6.mcu.externaltools.arm-none.win32_1.17.0.201812190825/tools/compiler/bin/../lib/gcc/arm-none-eabi/7.3.1/../../../../arm-none-eabi/lib/thumb/v7e-m/fpv4-sp/hard\libc.a(lib_a-mprec.o)
                0x080058d0                __multadd
 .text.__s2b    0x08005950       0x98 c:/ac6/systemworkbench/plugins/fr.ac6.mcu.externaltools.arm-none.win32_1.17.0.201812190825/tools/compiler/bin/../lib/gcc/arm-none-eabi/7.3.1/../../../../arm-none-eabi/lib/thumb/v7e-m/fpv4-sp/hard\libc.a(lib_a-mprec.o)
                0x08005950                __s2b
 .text.__hi0bits
                0x080059e8       0x40 c:/ac6/systemworkbench/plugins/fr.ac6.mcu.externaltools.arm-none.win32_1.17.0.201812190825/tools/compiler/bin/../lib/gcc/arm-none-eabi/7.3.1/../../../../arm-none-eabi/lib/thumb/v7e-m/fpv4-sp/hard\libc.a(lib_a-mprec.o)
                0x080059e8                __hi0bits
 .text.__lo0bits
                0x08005a28       0x60 c:/ac6/systemworkbench/plugins/fr.ac6.mcu.externaltools.arm-none.win32_1.17.0.201812190825/tools/compiler/bin/../lib/gcc/arm-none-eabi/7.3.1/../../../../arm-none-eabi/lib/thumb/v7e-m/fpv4-sp/hard\libc.a(lib_a-mprec.o)
                0x08005a28                __lo0bits
 .text.__i2b    0x08005a88       0x14 c:/ac6/systemworkbench/plugins/fr.ac6.mcu.externaltools.arm-none.win32_1.17.0.201812190825/tools/compiler/bin/../lib/gcc/arm-none-eabi/7.3.1/../../../../arm-none-eabi/lib/thumb/v7e-m/fpv4-sp/hard\libc.a(lib_a-mprec.o)
                0x08005a88                __i2b
 .text.__multiply
                0x08005a9c      0x14c c:/ac6/systemworkbench/plugins/fr.ac6.mcu.externaltools.arm-none.win32_1.17.0.201812190825/tools/compiler/bin/../lib/gcc/arm-none-eabi/7.3.1/../../../../arm-none-eabi/lib/thumb/v7e-m/fpv4-sp/hard\libc.a(lib_a-mprec.o)
                0x08005a9c                __multiply
 .text.__pow5mult
                0x08005be8       0xa0 c:/ac6/systemworkbench/plugins/fr.ac6.mcu.externaltools.arm-none.win32_1.17.0.201812190825/tools/compiler/bin/../lib/gcc/arm-none-eabi/7.3.1/../../../../arm-none-eabi/lib/thumb/v7e-m/fpv4-sp/hard\libc.a(lib_a-mprec.o)
                0x08005be8                __pow5mult
 .text.__lshift
                0x08005c88       0xac c:/ac6/systemworkbench/plugins/fr.ac6.mcu.externaltools.arm-none.win32_1.17.0.201812190825/tools/compiler/bin/../lib/gcc/arm-none-eabi/7.3.1/../../../../arm-none-eabi/lib/thumb/v7e-m/fpv4-sp/hard\libc.a(lib_a-mprec.o)
                0x08005c88                __lshift
 .text.__mcmp   0x08005d34       0x38 c:/ac6/systemworkbench/plugins/fr.ac6.mcu.externaltools.arm-none.win32_1.17.0.201812190825/tools/compiler/bin/../lib/gcc/arm-none-eabi/7.3.1/../../../../arm-none-eabi/lib/thumb/v7e-m/fpv4-sp/hard\libc.a(lib_a-mprec.o)
                0x08005d34                __mcmp
 .text.__mdiff  0x08005d6c       0xec c:/ac6/systemworkbench/plugins/fr.ac6.mcu.externaltools.arm-none.win32_1.17.0.201812190825/tools/compiler/bin/../lib/gcc/arm-none-eabi/7.3.1/../../../../arm-none-eabi/lib/thumb/v7e-m/fpv4-sp/hard\libc.a(lib_a-mprec.o)
                0x08005d6c                __mdiff
 .text.__ulp    0x08005e58       0x54 c:/ac6/systemworkbench/plugins/fr.ac6.mcu.externaltools.arm-none.win32_1.17.0.201812190825/tools/compiler/bin/../lib/gcc/arm-none-eabi/7.3.1/../../../../arm-none-eabi/lib/thumb/v7e-m/fpv4-sp/hard\libc.a(lib_a-mprec.o)
                0x08005e58                __ulp
 .text.__b2d    0x08005eac       0xbc c:/ac6/systemworkbench/plugins/fr.ac6.mcu.externaltools.arm-none.win32_1.17.0.201812190825/tools/compiler/bin/../lib/gcc/arm-none-eabi/7.3.1/../../../../arm-none-eabi/lib/thumb/v7e-m/fpv4-sp/hard\libc.a(lib_a-mprec.o)
                0x08005eac                __b2d
 .text.__d2b    0x08005f68       0xc4 c:/ac6/systemworkbench/plugins/fr.ac6.mcu.externaltools.arm-none.win32_1.17.0.201812190825/tools/compiler/bin/../lib/gcc/arm-none-eabi/7.3.1/../../../../arm-none-eabi/lib/thumb/v7e-m/fpv4-sp/hard\libc.a(lib_a-mprec.o)
                0x08005f68                __d2b
 .text.__ratio  0x0800602c       0x60 c:/ac6/systemworkbench/plugins/fr.ac6.mcu.externaltools.arm-none.win32_1.17.0.201812190825/tools/compiler/bin/../lib/gcc/arm-none-eabi/7.3.1/../../../../arm-none-eabi/lib/thumb/v7e-m/fpv4-sp/hard\libc.a(lib_a-mprec.o)
                0x0800602c                __ratio
 .text.__copybits
                0x0800608c       0x48 c:/ac6/systemworkbench/plugins/fr.ac6.mcu.externaltools.arm-none.win32_1.17.0.201812190825/tools/compiler/bin/../lib/gcc/arm-none-eabi/7.3.1/../../../../arm-none-eabi/lib/thumb/v7e-m/fpv4-sp/hard\libc.a(lib_a-mprec.o)
                0x0800608c                __copybits
 .text.__any_on
                0x080060d4       0x58 c:/ac6/systemworkbench/plugins/fr.ac6.mcu.externaltools.arm-none.win32_1.17.0.201812190825/tools/compiler/bin/../lib/gcc/arm-none-eabi/7.3.1/../../../../arm-none-eabi/lib/thumb/v7e-m/fpv4-sp/hard\libc.a(lib_a-mprec.o)
                0x080060d4                __any_on
 .text._putc_r  0x0800612c       0x70 c:/ac6/systemworkbench/plugins/fr.ac6.mcu.externaltools.arm-none.win32_1.17.0.201812190825/tools/compiler/bin/../lib/gcc/arm-none-eabi/7.3.1/../../../../arm-none-eabi/lib/thumb/v7e-m/fpv4-sp/hard\libc.a(lib_a-putc.o)
                0x0800612c                _putc_r
 .text._read_r  0x0800619c       0x2c c:/ac6/systemworkbench/plugins/fr.ac6.mcu.externaltools.arm-none.win32_1.17.0.201812190825/tools/compiler/bin/../lib/gcc/arm-none-eabi/7.3.1/../../../../arm-none-eabi/lib/thumb/v7e-m/fpv4-sp/hard\libc.a(lib_a-readr.o)
                0x0800619c                _read_r
 .text._realloc_r
                0x080061c8      0x35c c:/ac6/systemworkbench/plugins/fr.ac6.mcu.externaltools.arm-none.win32_1.17.0.201812190825/tools/compiler/bin/../lib/gcc/arm-none-eabi/7.3.1/../../../../arm-none-eabi/lib/thumb/v7e-m/fpv4-sp/hard\libc.a(lib_a-reallocr.o)
                0x080061c8                _realloc_r
 .text.strncmp  0x08006524       0x98 c:/ac6/systemworkbench/plugins/fr.ac6.mcu.externaltools.arm-none.win32_1.17.0.201812190825/tools/compiler/bin/../lib/gcc/arm-none-eabi/7.3.1/../../../../arm-none-eabi/lib/thumb/v7e-m/fpv4-sp/hard\libc.a(lib_a-strncmp.o)
                0x08006524                strncmp
 .text.__swbuf_r
                0x080065bc       0xb0 c:/ac6/systemworkbench/plugins/fr.ac6.mcu.externaltools.arm-none.win32_1.17.0.201812190825/tools/compiler/bin/../lib/gcc/arm-none-eabi/7.3.1/../../../../arm-none-eabi/lib/thumb/v7e-m/fpv4-sp/hard\libc.a(lib_a-wbuf.o)
                0x080065bc                __swbuf_r
 .text.__ascii_wctomb
                0x0800666c       0x1c c:/ac6/systemworkbench/plugins/fr.ac6.mcu.externaltools.arm-none.win32_1.17.0.201812190825/tools/compiler/bin/../lib/gcc/arm-none-eabi/7.3.1/../../../../arm-none-eabi/lib/thumb/v7e-m/fpv4-sp/hard\libc.a(lib_a-wctomb_r.o)
                0x0800666c                __ascii_wctomb
 .text.__swsetup_r
                0x08006688       0xcc c:/ac6/systemworkbench/plugins/fr.ac6.mcu.externaltools.arm-none.win32_1.17.0.201812190825/tools/compiler/bin/../lib/gcc/arm-none-eabi/7.3.1/../../../../arm-none-eabi/lib/thumb/v7e-m/fpv4-sp/hard\libc.a(lib_a-wsetup.o)
                0x08006688                __swsetup_r
 .text.__register_exitproc
                0x08006754       0xc0 c:/ac6/systemworkbench/plugins/fr.ac6.mcu.externaltools.arm-none.win32_1.17.0.201812190825/tools/compiler/bin/../lib/gcc/arm-none-eabi/7.3.1/../../../../arm-none-eabi/lib/thumb/v7e-m/fpv4-sp/hard\libc.a(lib_a-__atexit.o)
                0x08006754                __register_exitproc
 .text._calloc_r
                0x08006814       0x68 c:/ac6/systemworkbench/plugins/fr.ac6.mcu.externaltools.arm-none.win32_1.17.0.201812190825/tools/compiler/bin/../lib/gcc/arm-none-eabi/7.3.1/../../../../arm-none-eabi/lib/thumb/v7e-m/fpv4-sp/hard\libc.a(lib_a-callocr.o)
                0x08006814                _calloc_r
 .text.__swhatbuf_r
                0x0800687c       0x5c c:/ac6/systemworkbench/plugins/fr.ac6.mcu.externaltools.arm-none.win32_1.17.0.201812190825/tools/compiler/bin/../lib/gcc/arm-none-eabi/7.3.1/../../../../arm-none-eabi/lib/thumb/v7e-m/fpv4-sp/hard\libc.a(lib_a-makebuf.o)
                0x0800687c                __swhatbuf_r
 .text.__smakebuf_r
                0x080068d8       0x94 c:/ac6/systemworkbench/plugins/fr.ac6.mcu.externaltools.arm-none.win32_1.17.0.201812190825/tools/compiler/bin/../lib/gcc/arm-none-eabi/7.3.1/../../../../arm-none-eabi/lib/thumb/v7e-m/fpv4-sp/hard\libc.a(lib_a-makebuf.o)
                0x080068d8                __smakebuf_r
 .text._fstat_r
                0x0800696c       0x28 c:/ac6/systemworkbench/plugins/fr.ac6.mcu.externaltools.arm-none.win32_1.17.0.201812190825/tools/compiler/bin/../lib/gcc/arm-none-eabi/7.3.1/../../../../arm-none-eabi/lib/thumb/v7e-m/fpv4-sp/hard\libc.a(lib_a-fstatr.o)
                0x0800696c                _fstat_r
 .text._isatty_r
                0x08006994       0x24 c:/ac6/systemworkbench/plugins/fr.ac6.mcu.externaltools.arm-none.win32_1.17.0.201812190825/tools/compiler/bin/../lib/gcc/arm-none-eabi/7.3.1/../../../../arm-none-eabi/lib/thumb/v7e-m/fpv4-sp/hard\libc.a(lib_a-isattyr.o)
                0x08006994                _isatty_r
 *(.glue_7)
 .glue_7        0x080069b8        0x0 linker stubs
 *(.glue_7t)
 .glue_7t       0x080069b8        0x0 linker stubs
 *(.eh_frame)
 .eh_frame      0x080069b8        0x0 c:/ac6/systemworkbench/plugins/fr.ac6.mcu.externaltools.arm-none.win32_1.17.0.201812190825/tools/compiler/bin/../lib/gcc/arm-none-eabi/7.3.1/thumb/v7e-m/fpv4-sp/hard/crtbegin.o
 *(.init)
 .init          0x080069b8        0x4 c:/ac6/systemworkbench/plugins/fr.ac6.mcu.externaltools.arm-none.win32_1.17.0.201812190825/tools/compiler/bin/../lib/gcc/arm-none-eabi/7.3.1/thumb/v7e-m/fpv4-sp/hard/crti.o
                0x080069b8                _init
 .init          0x080069bc        0x8 c:/ac6/systemworkbench/plugins/fr.ac6.mcu.externaltools.arm-none.win32_1.17.0.201812190825/tools/compiler/bin/../lib/gcc/arm-none-eabi/7.3.1/thumb/v7e-m/fpv4-sp/hard/crtn.o
 *(.fini)
 .fini          0x080069c4        0x4 c:/ac6/systemworkbench/plugins/fr.ac6.mcu.externaltools.arm-none.win32_1.17.0.201812190825/tools/compiler/bin/../lib/gcc/arm-none-eabi/7.3.1/thumb/v7e-m/fpv4-sp/hard/crti.o
                0x080069c4                _fini
 .fini          0x080069c8        0x8 c:/ac6/systemworkbench/plugins/fr.ac6.mcu.externaltools.arm-none.win32_1.17.0.201812190825/tools/compiler/bin/../lib/gcc/arm-none-eabi/7.3.1/thumb/v7e-m/fpv4-sp/hard/crtn.o
                0x080069d0                . = ALIGN (0x4)
                0x080069d0                _etext = .

.vfp11_veneer   0x080069d0        0x0
 .vfp11_veneer  0x080069d0        0x0 linker stubs

.v4_bx          0x080069d0        0x0
 .v4_bx         0x080069d0        0x0 linker stubs

.iplt           0x080069d0        0x0
 .iplt          0x080069d0        0x0 c:/ac6/systemworkbench/plugins/fr.ac6.mcu.externaltools.arm-none.win32_1.17.0.201812190825/tools/compiler/bin/../lib/gcc/arm-none-eabi/7.3.1/thumb/v7e-m/fpv4-sp/hard/crtbegin.o

.rodata         0x080069d0      0x740
                0x080069d0                . = ALIGN (0x4)
 *(.rodata)
 .rodata        0x080069d0      0x3ba src/main.o
 *(.rodata*)
 *fill*         0x08006d8a        0x2 
 .rodata._global_impure_ptr
                0x08006d8c        0x4 c:/ac6/systemworkbench/plugins/fr.ac6.mcu.externaltools.arm-none.win32_1.17.0.201812190825/tools/compiler/bin/../lib/gcc/arm-none-eabi/7.3.1/../../../../arm-none-eabi/lib/thumb/v7e-m/fpv4-sp/hard\libc.a(lib_a-impure.o)
                0x08006d8c                _global_impure_ptr
 .rodata._puts_r.str1.4
                0x08006d90        0x2 c:/ac6/systemworkbench/plugins/fr.ac6.mcu.externaltools.arm-none.win32_1.17.0.201812190825/tools/compiler/bin/../lib/gcc/arm-none-eabi/7.3.1/../../../../arm-none-eabi/lib/thumb/v7e-m/fpv4-sp/hard\libc.a(lib_a-puts.o)
 *fill*         0x08006d92        0x2 
 .rodata._strtod_l.str1.4
                0x08006d94        0xf c:/ac6/systemworkbench/plugins/fr.ac6.mcu.externaltools.arm-none.win32_1.17.0.201812190825/tools/compiler/bin/../lib/gcc/arm-none-eabi/7.3.1/../../../../arm-none-eabi/lib/thumb/v7e-m/fpv4-sp/hard\libc.a(lib_a-strtod.o)
 *fill*         0x08006da3        0x1 
 .rodata.fpi.7447
                0x08006da4       0x14 c:/ac6/systemworkbench/plugins/fr.ac6.mcu.externaltools.arm-none.win32_1.17.0.201812190825/tools/compiler/bin/../lib/gcc/arm-none-eabi/7.3.1/../../../../arm-none-eabi/lib/thumb/v7e-m/fpv4-sp/hard\libc.a(lib_a-strtod.o)
 .rodata.fpinan.7483
                0x08006db8       0x14 c:/ac6/systemworkbench/plugins/fr.ac6.mcu.externaltools.arm-none.win32_1.17.0.201812190825/tools/compiler/bin/../lib/gcc/arm-none-eabi/7.3.1/../../../../arm-none-eabi/lib/thumb/v7e-m/fpv4-sp/hard\libc.a(lib_a-strtod.o)
 *fill*         0x08006dcc        0x4 
 .rodata.tinytens
                0x08006dd0       0x28 c:/ac6/systemworkbench/plugins/fr.ac6.mcu.externaltools.arm-none.win32_1.17.0.201812190825/tools/compiler/bin/../lib/gcc/arm-none-eabi/7.3.1/../../../../arm-none-eabi/lib/thumb/v7e-m/fpv4-sp/hard\libc.a(lib_a-strtod.o)
 .rodata.__hexdig
                0x08006df8      0x100 c:/ac6/systemworkbench/plugins/fr.ac6.mcu.externaltools.arm-none.win32_1.17.0.201812190825/tools/compiler/bin/../lib/gcc/arm-none-eabi/7.3.1/../../../../arm-none-eabi/lib/thumb/v7e-m/fpv4-sp/hard\libc.a(lib_a-gdtoa-gethex.o)
                0x08006df8                __hexdig
 .rodata._setlocale_r.str1.4
                0x08006ef8        0xd c:/ac6/systemworkbench/plugins/fr.ac6.mcu.externaltools.arm-none.win32_1.17.0.201812190825/tools/compiler/bin/../lib/gcc/arm-none-eabi/7.3.1/../../../../arm-none-eabi/lib/thumb/v7e-m/fpv4-sp/hard\libc.a(lib_a-locale.o)
 *fill*         0x08006f05        0x3 
 .rodata.str1.4
                0x08006f08        0x4 c:/ac6/systemworkbench/plugins/fr.ac6.mcu.externaltools.arm-none.win32_1.17.0.201812190825/tools/compiler/bin/../lib/gcc/arm-none-eabi/7.3.1/../../../../arm-none-eabi/lib/thumb/v7e-m/fpv4-sp/hard\libc.a(lib_a-locale.o)
                                  0x2 (size before relaxing)
 *fill*         0x08006f0c        0x4 
 .rodata.__mprec_bigtens
                0x08006f10       0x28 c:/ac6/systemworkbench/plugins/fr.ac6.mcu.externaltools.arm-none.win32_1.17.0.201812190825/tools/compiler/bin/../lib/gcc/arm-none-eabi/7.3.1/../../../../arm-none-eabi/lib/thumb/v7e-m/fpv4-sp/hard\libc.a(lib_a-mprec.o)
                0x08006f10                __mprec_bigtens
 .rodata.__mprec_tens
                0x08006f38       0xc8 c:/ac6/systemworkbench/plugins/fr.ac6.mcu.externaltools.arm-none.win32_1.17.0.201812190825/tools/compiler/bin/../lib/gcc/arm-none-eabi/7.3.1/../../../../arm-none-eabi/lib/thumb/v7e-m/fpv4-sp/hard\libc.a(lib_a-mprec.o)
                0x08006f38                __mprec_tens
 .rodata.p05.7367
                0x08007000        0xc c:/ac6/systemworkbench/plugins/fr.ac6.mcu.externaltools.arm-none.win32_1.17.0.201812190825/tools/compiler/bin/../lib/gcc/arm-none-eabi/7.3.1/../../../../arm-none-eabi/lib/thumb/v7e-m/fpv4-sp/hard\libc.a(lib_a-mprec.o)
 .rodata._ctype_
                0x0800700c      0x101 c:/ac6/systemworkbench/plugins/fr.ac6.mcu.externaltools.arm-none.win32_1.17.0.201812190825/tools/compiler/bin/../lib/gcc/arm-none-eabi/7.3.1/../../../../arm-none-eabi/lib/thumb/v7e-m/fpv4-sp/hard\libc.a(lib_a-ctype_.o)
                0x0800700c                _ctype_
                0x08007110                . = ALIGN (0x4)
 *fill*         0x0800710d        0x3 

.rel.dyn        0x08007110        0x0
 .rel.iplt      0x08007110        0x0 c:/ac6/systemworkbench/plugins/fr.ac6.mcu.externaltools.arm-none.win32_1.17.0.201812190825/tools/compiler/bin/../lib/gcc/arm-none-eabi/7.3.1/thumb/v7e-m/fpv4-sp/hard/crtbegin.o

.ARM.extab      0x08007110        0x0
                0x08007110                . = ALIGN (0x4)
 *(.ARM.extab* .gnu.linkonce.armextab.*)
                0x08007110                . = ALIGN (0x4)

.ARM            0x08007110        0x0
                0x08007110                . = ALIGN (0x4)
                0x08007110                __exidx_start = .
 *(.ARM.exidx*)
                0x08007110                __exidx_end = .
                0x08007110                . = ALIGN (0x4)

.preinit_array  0x08007110        0x0
                0x08007110                . = ALIGN (0x4)
                0x08007110                PROVIDE (__preinit_array_start = .)
 *(.preinit_array*)
                0x08007110                PROVIDE (__preinit_array_end = .)
                0x08007110                . = ALIGN (0x4)

.init_array     0x08007110        0x8
                0x08007110                . = ALIGN (0x4)
                0x08007110                PROVIDE (__init_array_start = .)
 *(SORT_BY_NAME(.init_array.*))
 .init_array.00000
                0x08007110        0x4 c:/ac6/systemworkbench/plugins/fr.ac6.mcu.externaltools.arm-none.win32_1.17.0.201812190825/tools/compiler/bin/../lib/gcc/arm-none-eabi/7.3.1/../../../../arm-none-eabi/lib/thumb/v7e-m/fpv4-sp/hard\libc.a(lib_a-__call_atexit.o)
 *(.init_array*)
 .init_array    0x08007114        0x4 c:/ac6/systemworkbench/plugins/fr.ac6.mcu.externaltools.arm-none.win32_1.17.0.201812190825/tools/compiler/bin/../lib/gcc/arm-none-eabi/7.3.1/thumb/v7e-m/fpv4-sp/hard/crtbegin.o
                0x08007118                PROVIDE (__init_array_end = .)
                0x08007118                . = ALIGN (0x4)

.fini_array     0x08007118        0x4
                0x08007118                . = ALIGN (0x4)
                0x08007118                PROVIDE (__fini_array_start = .)
 *(SORT_BY_NAME(.fini_array.*))
 *(.fini_array*)
 .fini_array    0x08007118        0x4 c:/ac6/systemworkbench/plugins/fr.ac6.mcu.externaltools.arm-none.win32_1.17.0.201812190825/tools/compiler/bin/../lib/gcc/arm-none-eabi/7.3.1/thumb/v7e-m/fpv4-sp/hard/crtbegin.o
                0x0800711c                PROVIDE (__fini_array_end = .)
                0x0800711c                . = ALIGN (0x4)
                0x0800711c                _sidata = LOADADDR (.data)

.data           0x20000000      0xa68 load address 0x0800711c
                0x20000000                . = ALIGN (0x4)
                0x20000000                _sdata = .
 *(.data)
 .data          0x20000000       0x10 src/main.o
                0x20000000                velocita_ts1
                0x20000008                velocita_ts2
 .data          0x20000010       0x90 stm32_unict_lib/src/display.o
                0x20000010                segment_table
                0x20000070                cathode_table
 .data          0x200000a0       0x18 stm32_unict_lib/src/usart.o
                0x200000a0                baud_rates
 *(.data*)
 .data._impure_ptr
                0x200000b8        0x4 c:/ac6/systemworkbench/plugins/fr.ac6.mcu.externaltools.arm-none.win32_1.17.0.201812190825/tools/compiler/bin/../lib/gcc/arm-none-eabi/7.3.1/../../../../arm-none-eabi/lib/thumb/v7e-m/fpv4-sp/hard\libc.a(lib_a-impure.o)
                0x200000b8                _impure_ptr
 *fill*         0x200000bc        0x4 
 .data.impure_data
                0x200000c0      0x428 c:/ac6/systemworkbench/plugins/fr.ac6.mcu.externaltools.arm-none.win32_1.17.0.201812190825/tools/compiler/bin/../lib/gcc/arm-none-eabi/7.3.1/../../../../arm-none-eabi/lib/thumb/v7e-m/fpv4-sp/hard\libc.a(lib_a-impure.o)
 .data.__malloc_av_
                0x200004e8      0x408 c:/ac6/systemworkbench/plugins/fr.ac6.mcu.externaltools.arm-none.win32_1.17.0.201812190825/tools/compiler/bin/../lib/gcc/arm-none-eabi/7.3.1/../../../../arm-none-eabi/lib/thumb/v7e-m/fpv4-sp/hard\libc.a(lib_a-mallocr.o)
                0x200004e8                __malloc_av_
 .data.__malloc_sbrk_base
                0x200008f0        0x4 c:/ac6/systemworkbench/plugins/fr.ac6.mcu.externaltools.arm-none.win32_1.17.0.201812190825/tools/compiler/bin/../lib/gcc/arm-none-eabi/7.3.1/../../../../arm-none-eabi/lib/thumb/v7e-m/fpv4-sp/hard\libc.a(lib_a-mallocr.o)
                0x200008f0                __malloc_sbrk_base
 .data.__malloc_trim_threshold
                0x200008f4        0x4 c:/ac6/systemworkbench/plugins/fr.ac6.mcu.externaltools.arm-none.win32_1.17.0.201812190825/tools/compiler/bin/../lib/gcc/arm-none-eabi/7.3.1/../../../../arm-none-eabi/lib/thumb/v7e-m/fpv4-sp/hard\libc.a(lib_a-mallocr.o)
                0x200008f4                __malloc_trim_threshold
 .data.__atexit_recursive_mutex
                0x200008f8        0x4 c:/ac6/systemworkbench/plugins/fr.ac6.mcu.externaltools.arm-none.win32_1.17.0.201812190825/tools/compiler/bin/../lib/gcc/arm-none-eabi/7.3.1/../../../../arm-none-eabi/lib/thumb/v7e-m/fpv4-sp/hard\libc.a(lib_a-__call_atexit.o)
                0x200008f8                __atexit_recursive_mutex
 .data.__global_locale
                0x200008fc      0x16c c:/ac6/systemworkbench/plugins/fr.ac6.mcu.externaltools.arm-none.win32_1.17.0.201812190825/tools/compiler/bin/../lib/gcc/arm-none-eabi/7.3.1/../../../../arm-none-eabi/lib/thumb/v7e-m/fpv4-sp/hard\libc.a(lib_a-locale.o)
                0x200008fc                __global_locale
                0x20000a68                . = ALIGN (0x4)
                0x20000a68                _edata = .

.igot.plt       0x20000a68        0x0 load address 0x08007b84
 .igot.plt      0x20000a68        0x0 c:/ac6/systemworkbench/plugins/fr.ac6.mcu.externaltools.arm-none.win32_1.17.0.201812190825/tools/compiler/bin/../lib/gcc/arm-none-eabi/7.3.1/thumb/v7e-m/fpv4-sp/hard/crtbegin.o
                0x20000a68                . = ALIGN (0x4)

.bss            0x20000a68      0x1a0 load address 0x08007b84
                0x20000a68                _sbss = .
                0x20000a68                __bss_start__ = _sbss
 *(.bss)
 .bss           0x20000a68       0x1c c:/ac6/systemworkbench/plugins/fr.ac6.mcu.externaltools.arm-none.win32_1.17.0.201812190825/tools/compiler/bin/../lib/gcc/arm-none-eabi/7.3.1/thumb/v7e-m/fpv4-sp/hard/crtbegin.o
 .bss           0x20000a84       0x18 src/main.o
                0x20000a84                stato
                0x20000a88                tempo
                0x20000a8c                variabile
                0x20000a90                gocce_cadute
                0x20000a94                animazione
                0x20000a98                stato_animazione
 .bss           0x20000a9c        0x4 startup/sysmem.o
 .bss           0x20000aa0        0x8 stm32_unict_lib/src/display.o
                0x20000aa0                current_scheduled_digit
                0x20000aa4                current_digit_pattern
 *(.bss*)
 .bss.__malloc_current_mallinfo
                0x20000aa8       0x28 c:/ac6/systemworkbench/plugins/fr.ac6.mcu.externaltools.arm-none.win32_1.17.0.201812190825/tools/compiler/bin/../lib/gcc/arm-none-eabi/7.3.1/../../../../arm-none-eabi/lib/thumb/v7e-m/fpv4-sp/hard\libc.a(lib_a-mallocr.o)
                0x20000aa8                __malloc_current_mallinfo
 .bss.__malloc_max_sbrked_mem
                0x20000ad0        0x4 c:/ac6/systemworkbench/plugins/fr.ac6.mcu.externaltools.arm-none.win32_1.17.0.201812190825/tools/compiler/bin/../lib/gcc/arm-none-eabi/7.3.1/../../../../arm-none-eabi/lib/thumb/v7e-m/fpv4-sp/hard\libc.a(lib_a-mallocr.o)
                0x20000ad0                __malloc_max_sbrked_mem
 .bss.__malloc_max_total_mem
                0x20000ad4        0x4 c:/ac6/systemworkbench/plugins/fr.ac6.mcu.externaltools.arm-none.win32_1.17.0.201812190825/tools/compiler/bin/../lib/gcc/arm-none-eabi/7.3.1/../../../../arm-none-eabi/lib/thumb/v7e-m/fpv4-sp/hard\libc.a(lib_a-mallocr.o)
                0x20000ad4                __malloc_max_total_mem
 .bss.__malloc_top_pad
                0x20000ad8        0x4 c:/ac6/systemworkbench/plugins/fr.ac6.mcu.externaltools.arm-none.win32_1.17.0.201812190825/tools/compiler/bin/../lib/gcc/arm-none-eabi/7.3.1/../../../../arm-none-eabi/lib/thumb/v7e-m/fpv4-sp/hard\libc.a(lib_a-mallocr.o)
                0x20000ad8                __malloc_top_pad
 *(COMMON)
 COMMON         0x20000adc      0x100 stm32_unict_lib/src/display.o
                0x20000adc                character_table
 COMMON         0x20000bdc        0x4 stm32_unict_lib/src/systick.o
                0x20000bdc                ticks
 COMMON         0x20000be0       0x21 c:/ac6/systemworkbench/plugins/fr.ac6.mcu.externaltools.arm-none.win32_1.17.0.201812190825/tools/compiler/bin/../lib/gcc/arm-none-eabi/7.3.1/../../../../arm-none-eabi/lib/thumb/v7e-m/fpv4-sp/hard\libc.a(lib_a-lock.o)
                0x20000be0                __lock___atexit_recursive_mutex
                0x20000be4                __lock___arc4random_mutex
                0x20000be8                __lock___env_recursive_mutex
                0x20000bec                __lock___sinit_recursive_mutex
                0x20000bf0                __lock___malloc_recursive_mutex
                0x20000bf4                __lock___at_quick_exit_mutex
                0x20000bf8                __lock___dd_hash_mutex
                0x20000bfc                __lock___tz_mutex
                0x20000c00                __lock___sfp_recursive_mutex
 *fill*         0x20000c01        0x3 
 COMMON         0x20000c04        0x4 c:/ac6/systemworkbench/plugins/fr.ac6.mcu.externaltools.arm-none.win32_1.17.0.201812190825/tools/compiler/bin/../lib/gcc/arm-none-eabi/7.3.1/../../../../arm-none-eabi/lib/thumb/v7e-m/fpv4-sp/hard\libc.a(lib_a-reent.o)
                0x20000c04                errno
                0x20000c08                . = ALIGN (0x4)
                0x20000c08                _ebss = .
                0x20000c08                __bss_end__ = _ebss

._user_heap_stack
                0x20000c08      0x400 load address 0x08007b84
                0x20000c08                . = ALIGN (0x8)
                0x20000c08                PROVIDE (end = .)
                [!provide]                PROVIDE (_end = .)
                0x20000c08                . = (. + _Min_Heap_Size)
                0x20001008                . = (. + _Min_Stack_Size)
 *fill*         0x20000c08      0x400 
                0x20001008                . = ALIGN (0x8)

/DISCARD/
 libc.a(*)
 libm.a(*)
 libgcc.a(*)

.ARM.attributes
                0x00000000       0x30
 *(.ARM.attributes)
 .ARM.attributes
                0x00000000       0x22 c:/ac6/systemworkbench/plugins/fr.ac6.mcu.externaltools.arm-none.win32_1.17.0.201812190825/tools/compiler/bin/../lib/gcc/arm-none-eabi/7.3.1/thumb/v7e-m/fpv4-sp/hard/crti.o
 .ARM.attributes
                0x00000022       0x34 c:/ac6/systemworkbench/plugins/fr.ac6.mcu.externaltools.arm-none.win32_1.17.0.201812190825/tools/compiler/bin/../lib/gcc/arm-none-eabi/7.3.1/thumb/v7e-m/fpv4-sp/hard/crtbegin.o
 .ARM.attributes
                0x00000056       0x39 src/main.o
 .ARM.attributes
                0x0000008f       0x39 startup/sysmem.o
 .ARM.attributes
                0x000000c8       0x39 stm32_unict_lib/src/adc.o
 .ARM.attributes
                0x00000101       0x39 stm32_unict_lib/src/console.o
 .ARM.attributes
                0x0000013a       0x39 stm32_unict_lib/src/display.o
 .ARM.attributes
                0x00000173       0x39 stm32_unict_lib/src/gpio.o
 .ARM.attributes
                0x000001ac       0x21 stm32_unict_lib/src/startup_stm32f401xe.o
 .ARM.attributes
                0x000001cd       0x39 stm32_unict_lib/src/syscalls.o
 .ARM.attributes
                0x00000206       0x39 stm32_unict_lib/src/system_init.o
 .ARM.attributes
                0x0000023f       0x39 stm32_unict_lib/src/systick.o
 .ARM.attributes
                0x00000278       0x39 stm32_unict_lib/src/timers.o
 .ARM.attributes
                0x000002b1       0x39 stm32_unict_lib/src/usart.o
 .ARM.attributes
                0x000002ea       0x22 c:/ac6/systemworkbench/plugins/fr.ac6.mcu.externaltools.arm-none.win32_1.17.0.201812190825/tools/compiler/bin/../lib/gcc/arm-none-eabi/7.3.1/thumb/v7e-m/fpv4-sp/hard\libgcc.a(_arm_addsubdf3.o)
 .ARM.attributes
                0x0000030c       0x22 c:/ac6/systemworkbench/plugins/fr.ac6.mcu.externaltools.arm-none.win32_1.17.0.201812190825/tools/compiler/bin/../lib/gcc/arm-none-eabi/7.3.1/thumb/v7e-m/fpv4-sp/hard\libgcc.a(_arm_muldivdf3.o)
 .ARM.attributes
                0x0000032e       0x22 c:/ac6/systemworkbench/plugins/fr.ac6.mcu.externaltools.arm-none.win32_1.17.0.201812190825/tools/compiler/bin/../lib/gcc/arm-none-eabi/7.3.1/thumb/v7e-m/fpv4-sp/hard\libgcc.a(_arm_cmpdf2.o)
 .ARM.attributes
                0x00000350       0x22 c:/ac6/systemworkbench/plugins/fr.ac6.mcu.externaltools.arm-none.win32_1.17.0.201812190825/tools/compiler/bin/../lib/gcc/arm-none-eabi/7.3.1/thumb/v7e-m/fpv4-sp/hard\libgcc.a(_arm_fixdfsi.o)
 .ARM.attributes
                0x00000372       0x34 c:/ac6/systemworkbench/plugins/fr.ac6.mcu.externaltools.arm-none.win32_1.17.0.201812190825/tools/compiler/bin/../lib/gcc/arm-none-eabi/7.3.1/../../../../arm-none-eabi/lib/thumb/v7e-m/fpv4-sp/hard\libc.a(lib_a-errno.o)
 .ARM.attributes
                0x000003a6       0x34 c:/ac6/systemworkbench/plugins/fr.ac6.mcu.externaltools.arm-none.win32_1.17.0.201812190825/tools/compiler/bin/../lib/gcc/arm-none-eabi/7.3.1/../../../../arm-none-eabi/lib/thumb/v7e-m/fpv4-sp/hard\libc.a(lib_a-fflush.o)
 .ARM.attributes
                0x000003da       0x34 c:/ac6/systemworkbench/plugins/fr.ac6.mcu.externaltools.arm-none.win32_1.17.0.201812190825/tools/compiler/bin/../lib/gcc/arm-none-eabi/7.3.1/../../../../arm-none-eabi/lib/thumb/v7e-m/fpv4-sp/hard\libc.a(lib_a-findfp.o)
 .ARM.attributes
                0x0000040e       0x34 c:/ac6/systemworkbench/plugins/fr.ac6.mcu.externaltools.arm-none.win32_1.17.0.201812190825/tools/compiler/bin/../lib/gcc/arm-none-eabi/7.3.1/../../../../arm-none-eabi/lib/thumb/v7e-m/fpv4-sp/hard\libc.a(lib_a-freer.o)
 .ARM.attributes
                0x00000442       0x34 c:/ac6/systemworkbench/plugins/fr.ac6.mcu.externaltools.arm-none.win32_1.17.0.201812190825/tools/compiler/bin/../lib/gcc/arm-none-eabi/7.3.1/../../../../arm-none-eabi/lib/thumb/v7e-m/fpv4-sp/hard\libc.a(lib_a-fwalk.o)
 .ARM.attributes
                0x00000476       0x34 c:/ac6/systemworkbench/plugins/fr.ac6.mcu.externaltools.arm-none.win32_1.17.0.201812190825/tools/compiler/bin/../lib/gcc/arm-none-eabi/7.3.1/../../../../arm-none-eabi/lib/thumb/v7e-m/fpv4-sp/hard\libc.a(lib_a-impure.o)
 .ARM.attributes
                0x000004aa       0x34 c:/ac6/systemworkbench/plugins/fr.ac6.mcu.externaltools.arm-none.win32_1.17.0.201812190825/tools/compiler/bin/../lib/gcc/arm-none-eabi/7.3.1/../../../../arm-none-eabi/lib/thumb/v7e-m/fpv4-sp/hard\libc.a(lib_a-init.o)
 .ARM.attributes
                0x000004de       0x34 c:/ac6/systemworkbench/plugins/fr.ac6.mcu.externaltools.arm-none.win32_1.17.0.201812190825/tools/compiler/bin/../lib/gcc/arm-none-eabi/7.3.1/../../../../arm-none-eabi/lib/thumb/v7e-m/fpv4-sp/hard\libc.a(lib_a-lock.o)
 .ARM.attributes
                0x00000512       0x34 c:/ac6/systemworkbench/plugins/fr.ac6.mcu.externaltools.arm-none.win32_1.17.0.201812190825/tools/compiler/bin/../lib/gcc/arm-none-eabi/7.3.1/../../../../arm-none-eabi/lib/thumb/v7e-m/fpv4-sp/hard\libc.a(lib_a-mallocr.o)
 .ARM.attributes
                0x00000546       0x34 c:/ac6/systemworkbench/plugins/fr.ac6.mcu.externaltools.arm-none.win32_1.17.0.201812190825/tools/compiler/bin/../lib/gcc/arm-none-eabi/7.3.1/../../../../arm-none-eabi/lib/thumb/v7e-m/fpv4-sp/hard\libc.a(lib_a-memset.o)
 .ARM.attributes
                0x0000057a       0x34 c:/ac6/systemworkbench/plugins/fr.ac6.mcu.externaltools.arm-none.win32_1.17.0.201812190825/tools/compiler/bin/../lib/gcc/arm-none-eabi/7.3.1/../../../../arm-none-eabi/lib/thumb/v7e-m/fpv4-sp/hard\libc.a(lib_a-mlock.o)
 .ARM.attributes
                0x000005ae       0x34 c:/ac6/systemworkbench/plugins/fr.ac6.mcu.externaltools.arm-none.win32_1.17.0.201812190825/tools/compiler/bin/../lib/gcc/arm-none-eabi/7.3.1/../../../../arm-none-eabi/lib/thumb/v7e-m/fpv4-sp/hard\libc.a(lib_a-putchar.o)
 .ARM.attributes
                0x000005e2       0x34 c:/ac6/systemworkbench/plugins/fr.ac6.mcu.externaltools.arm-none.win32_1.17.0.201812190825/tools/compiler/bin/../lib/gcc/arm-none-eabi/7.3.1/../../../../arm-none-eabi/lib/thumb/v7e-m/fpv4-sp/hard\libc.a(lib_a-puts.o)
 .ARM.attributes
                0x00000616       0x34 c:/ac6/systemworkbench/plugins/fr.ac6.mcu.externaltools.arm-none.win32_1.17.0.201812190825/tools/compiler/bin/../lib/gcc/arm-none-eabi/7.3.1/../../../../arm-none-eabi/lib/thumb/v7e-m/fpv4-sp/hard\libc.a(lib_a-reent.o)
 .ARM.attributes
                0x0000064a       0x34 c:/ac6/systemworkbench/plugins/fr.ac6.mcu.externaltools.arm-none.win32_1.17.0.201812190825/tools/compiler/bin/../lib/gcc/arm-none-eabi/7.3.1/../../../../arm-none-eabi/lib/thumb/v7e-m/fpv4-sp/hard\libc.a(lib_a-sbrkr.o)
 .ARM.attributes
                0x0000067e       0x34 c:/ac6/systemworkbench/plugins/fr.ac6.mcu.externaltools.arm-none.win32_1.17.0.201812190825/tools/compiler/bin/../lib/gcc/arm-none-eabi/7.3.1/../../../../arm-none-eabi/lib/thumb/v7e-m/fpv4-sp/hard\libc.a(lib_a-stdio.o)
 .ARM.attributes
                0x000006b2       0x20 c:/ac6/systemworkbench/plugins/fr.ac6.mcu.externaltools.arm-none.win32_1.17.0.201812190825/tools/compiler/bin/../lib/gcc/arm-none-eabi/7.3.1/../../../../arm-none-eabi/lib/thumb/v7e-m/fpv4-sp/hard\libc.a(lib_a-strcmp.o)
 .ARM.attributes
                0x000006d2       0x20 c:/ac6/systemworkbench/plugins/fr.ac6.mcu.externaltools.arm-none.win32_1.17.0.201812190825/tools/compiler/bin/../lib/gcc/arm-none-eabi/7.3.1/../../../../arm-none-eabi/lib/thumb/v7e-m/fpv4-sp/hard\libc.a(lib_a-strlen.o)
 .ARM.attributes
                0x000006f2       0x34 c:/ac6/systemworkbench/plugins/fr.ac6.mcu.externaltools.arm-none.win32_1.17.0.201812190825/tools/compiler/bin/../lib/gcc/arm-none-eabi/7.3.1/../../../../arm-none-eabi/lib/thumb/v7e-m/fpv4-sp/hard\libc.a(lib_a-strtod.o)
 .ARM.attributes
                0x00000726       0x34 c:/ac6/systemworkbench/plugins/fr.ac6.mcu.externaltools.arm-none.win32_1.17.0.201812190825/tools/compiler/bin/../lib/gcc/arm-none-eabi/7.3.1/../../../../arm-none-eabi/lib/thumb/v7e-m/fpv4-sp/hard\libc.a(lib_a-strtok.o)
 .ARM.attributes
                0x0000075a       0x34 c:/ac6/systemworkbench/plugins/fr.ac6.mcu.externaltools.arm-none.win32_1.17.0.201812190825/tools/compiler/bin/../lib/gcc/arm-none-eabi/7.3.1/../../../../arm-none-eabi/lib/thumb/v7e-m/fpv4-sp/hard\libc.a(lib_a-strtok_r.o)
 .ARM.attributes
                0x0000078e       0x34 c:/ac6/systemworkbench/plugins/fr.ac6.mcu.externaltools.arm-none.win32_1.17.0.201812190825/tools/compiler/bin/../lib/gcc/arm-none-eabi/7.3.1/../../../../arm-none-eabi/lib/thumb/v7e-m/fpv4-sp/hard\libc.a(lib_a-writer.o)
 .ARM.attributes
                0x000007c2       0x34 c:/ac6/systemworkbench/plugins/fr.ac6.mcu.externaltools.arm-none.win32_1.17.0.201812190825/tools/compiler/bin/../lib/gcc/arm-none-eabi/7.3.1/../../../../arm-none-eabi/lib/thumb/v7e-m/fpv4-sp/hard\libc.a(lib_a-__call_atexit.o)
 .ARM.attributes
                0x000007f6       0x34 c:/ac6/systemworkbench/plugins/fr.ac6.mcu.externaltools.arm-none.win32_1.17.0.201812190825/tools/compiler/bin/../lib/gcc/arm-none-eabi/7.3.1/../../../../arm-none-eabi/lib/thumb/v7e-m/fpv4-sp/hard\libc.a(lib_a-atexit.o)
 .ARM.attributes
                0x0000082a       0x34 c:/ac6/systemworkbench/plugins/fr.ac6.mcu.externaltools.arm-none.win32_1.17.0.201812190825/tools/compiler/bin/../lib/gcc/arm-none-eabi/7.3.1/../../../../arm-none-eabi/lib/thumb/v7e-m/fpv4-sp/hard\libc.a(lib_a-closer.o)
 .ARM.attributes
                0x0000085e       0x34 c:/ac6/systemworkbench/plugins/fr.ac6.mcu.externaltools.arm-none.win32_1.17.0.201812190825/tools/compiler/bin/../lib/gcc/arm-none-eabi/7.3.1/../../../../arm-none-eabi/lib/thumb/v7e-m/fpv4-sp/hard\libc.a(lib_a-fclose.o)
 .ARM.attributes
                0x00000892       0x34 c:/ac6/systemworkbench/plugins/fr.ac6.mcu.externaltools.arm-none.win32_1.17.0.201812190825/tools/compiler/bin/../lib/gcc/arm-none-eabi/7.3.1/../../../../arm-none-eabi/lib/thumb/v7e-m/fpv4-sp/hard\libc.a(lib_a-fini.o)
 .ARM.attributes
                0x000008c6       0x34 c:/ac6/systemworkbench/plugins/fr.ac6.mcu.externaltools.arm-none.win32_1.17.0.201812190825/tools/compiler/bin/../lib/gcc/arm-none-eabi/7.3.1/../../../../arm-none-eabi/lib/thumb/v7e-m/fpv4-sp/hard\libc.a(lib_a-fvwrite.o)
 .ARM.attributes
                0x000008fa       0x34 c:/ac6/systemworkbench/plugins/fr.ac6.mcu.externaltools.arm-none.win32_1.17.0.201812190825/tools/compiler/bin/../lib/gcc/arm-none-eabi/7.3.1/../../../../arm-none-eabi/lib/thumb/v7e-m/fpv4-sp/hard\libc.a(lib_a-gdtoa-gethex.o)
 .ARM.attributes
                0x0000092e       0x34 c:/ac6/systemworkbench/plugins/fr.ac6.mcu.externaltools.arm-none.win32_1.17.0.201812190825/tools/compiler/bin/../lib/gcc/arm-none-eabi/7.3.1/../../../../arm-none-eabi/lib/thumb/v7e-m/fpv4-sp/hard\libc.a(lib_a-gdtoa-hexnan.o)
 .ARM.attributes
                0x00000962       0x34 c:/ac6/systemworkbench/plugins/fr.ac6.mcu.externaltools.arm-none.win32_1.17.0.201812190825/tools/compiler/bin/../lib/gcc/arm-none-eabi/7.3.1/../../../../arm-none-eabi/lib/thumb/v7e-m/fpv4-sp/hard\libc.a(lib_a-locale.o)
 .ARM.attributes
                0x00000996       0x34 c:/ac6/systemworkbench/plugins/fr.ac6.mcu.externaltools.arm-none.win32_1.17.0.201812190825/tools/compiler/bin/../lib/gcc/arm-none-eabi/7.3.1/../../../../arm-none-eabi/lib/thumb/v7e-m/fpv4-sp/hard\libc.a(lib_a-localeconv.o)
 .ARM.attributes
                0x000009ca       0x34 c:/ac6/systemworkbench/plugins/fr.ac6.mcu.externaltools.arm-none.win32_1.17.0.201812190825/tools/compiler/bin/../lib/gcc/arm-none-eabi/7.3.1/../../../../arm-none-eabi/lib/thumb/v7e-m/fpv4-sp/hard\libc.a(lib_a-lseekr.o)
 .ARM.attributes
                0x000009fe       0x34 c:/ac6/systemworkbench/plugins/fr.ac6.mcu.externaltools.arm-none.win32_1.17.0.201812190825/tools/compiler/bin/../lib/gcc/arm-none-eabi/7.3.1/../../../../arm-none-eabi/lib/thumb/v7e-m/fpv4-sp/hard\libc.a(lib_a-mbtowc_r.o)
 .ARM.attributes
                0x00000a32       0x20 c:/ac6/systemworkbench/plugins/fr.ac6.mcu.externaltools.arm-none.win32_1.17.0.201812190825/tools/compiler/bin/../lib/gcc/arm-none-eabi/7.3.1/../../../../arm-none-eabi/lib/thumb/v7e-m/fpv4-sp/hard\libc.a(lib_a-memchr.o)
 .ARM.attributes
                0x00000a52       0x20 c:/ac6/systemworkbench/plugins/fr.ac6.mcu.externaltools.arm-none.win32_1.17.0.201812190825/tools/compiler/bin/../lib/gcc/arm-none-eabi/7.3.1/../../../../arm-none-eabi/lib/thumb/v7e-m/fpv4-sp/hard\libc.a(lib_a-memcpy.o)
 .ARM.attributes
                0x00000a72       0x34 c:/ac6/systemworkbench/plugins/fr.ac6.mcu.externaltools.arm-none.win32_1.17.0.201812190825/tools/compiler/bin/../lib/gcc/arm-none-eabi/7.3.1/../../../../arm-none-eabi/lib/thumb/v7e-m/fpv4-sp/hard\libc.a(lib_a-memmove.o)
 .ARM.attributes
                0x00000aa6       0x34 c:/ac6/systemworkbench/plugins/fr.ac6.mcu.externaltools.arm-none.win32_1.17.0.201812190825/tools/compiler/bin/../lib/gcc/arm-none-eabi/7.3.1/../../../../arm-none-eabi/lib/thumb/v7e-m/fpv4-sp/hard\libc.a(lib_a-mprec.o)
 .ARM.attributes
                0x00000ada       0x34 c:/ac6/systemworkbench/plugins/fr.ac6.mcu.externaltools.arm-none.win32_1.17.0.201812190825/tools/compiler/bin/../lib/gcc/arm-none-eabi/7.3.1/../../../../arm-none-eabi/lib/thumb/v7e-m/fpv4-sp/hard\libc.a(lib_a-putc.o)
 .ARM.attributes
                0x00000b0e       0x34 c:/ac6/systemworkbench/plugins/fr.ac6.mcu.externaltools.arm-none.win32_1.17.0.201812190825/tools/compiler/bin/../lib/gcc/arm-none-eabi/7.3.1/../../../../arm-none-eabi/lib/thumb/v7e-m/fpv4-sp/hard\libc.a(lib_a-readr.o)
 .ARM.attributes
                0x00000b42       0x34 c:/ac6/systemworkbench/plugins/fr.ac6.mcu.externaltools.arm-none.win32_1.17.0.201812190825/tools/compiler/bin/../lib/gcc/arm-none-eabi/7.3.1/../../../../arm-none-eabi/lib/thumb/v7e-m/fpv4-sp/hard\libc.a(lib_a-reallocr.o)
 .ARM.attributes
                0x00000b76       0x34 c:/ac6/systemworkbench/plugins/fr.ac6.mcu.externaltools.arm-none.win32_1.17.0.201812190825/tools/compiler/bin/../lib/gcc/arm-none-eabi/7.3.1/../../../../arm-none-eabi/lib/thumb/v7e-m/fpv4-sp/hard\libc.a(lib_a-strncmp.o)
 .ARM.attributes
                0x00000baa       0x34 c:/ac6/systemworkbench/plugins/fr.ac6.mcu.externaltools.arm-none.win32_1.17.0.201812190825/tools/compiler/bin/../lib/gcc/arm-none-eabi/7.3.1/../../../../arm-none-eabi/lib/thumb/v7e-m/fpv4-sp/hard\libc.a(lib_a-wbuf.o)
 .ARM.attributes
                0x00000bde       0x34 c:/ac6/systemworkbench/plugins/fr.ac6.mcu.externaltools.arm-none.win32_1.17.0.201812190825/tools/compiler/bin/../lib/gcc/arm-none-eabi/7.3.1/../../../../arm-none-eabi/lib/thumb/v7e-m/fpv4-sp/hard\libc.a(lib_a-wctomb_r.o)
 .ARM.attributes
                0x00000c12       0x34 c:/ac6/systemworkbench/plugins/fr.ac6.mcu.externaltools.arm-none.win32_1.17.0.201812190825/tools/compiler/bin/../lib/gcc/arm-none-eabi/7.3.1/../../../../arm-none-eabi/lib/thumb/v7e-m/fpv4-sp/hard\libc.a(lib_a-wsetup.o)
 .ARM.attributes
                0x00000c46       0x34 c:/ac6/systemworkbench/plugins/fr.ac6.mcu.externaltools.arm-none.win32_1.17.0.201812190825/tools/compiler/bin/../lib/gcc/arm-none-eabi/7.3.1/../../../../arm-none-eabi/lib/thumb/v7e-m/fpv4-sp/hard\libc.a(lib_a-__atexit.o)
 .ARM.attributes
                0x00000c7a       0x34 c:/ac6/systemworkbench/plugins/fr.ac6.mcu.externaltools.arm-none.win32_1.17.0.201812190825/tools/compiler/bin/../lib/gcc/arm-none-eabi/7.3.1/../../../../arm-none-eabi/lib/thumb/v7e-m/fpv4-sp/hard\libc.a(lib_a-callocr.o)
 .ARM.attributes
                0x00000cae       0x34 c:/ac6/systemworkbench/plugins/fr.ac6.mcu.externaltools.arm-none.win32_1.17.0.201812190825/tools/compiler/bin/../lib/gcc/arm-none-eabi/7.3.1/../../../../arm-none-eabi/lib/thumb/v7e-m/fpv4-sp/hard\libc.a(lib_a-ctype_.o)
 .ARM.attributes
                0x00000ce2       0x34 c:/ac6/systemworkbench/plugins/fr.ac6.mcu.externaltools.arm-none.win32_1.17.0.201812190825/tools/compiler/bin/../lib/gcc/arm-none-eabi/7.3.1/../../../../arm-none-eabi/lib/thumb/v7e-m/fpv4-sp/hard\libc.a(lib_a-makebuf.o)
 .ARM.attributes
                0x00000d16       0x34 c:/ac6/systemworkbench/plugins/fr.ac6.mcu.externaltools.arm-none.win32_1.17.0.201812190825/tools/compiler/bin/../lib/gcc/arm-none-eabi/7.3.1/../../../../arm-none-eabi/lib/thumb/v7e-m/fpv4-sp/hard\libc.a(lib_a-fstatr.o)
 .ARM.attributes
                0x00000d4a       0x34 c:/ac6/systemworkbench/plugins/fr.ac6.mcu.externaltools.arm-none.win32_1.17.0.201812190825/tools/compiler/bin/../lib/gcc/arm-none-eabi/7.3.1/../../../../arm-none-eabi/lib/thumb/v7e-m/fpv4-sp/hard\libc.a(lib_a-isattyr.o)
 .ARM.attributes
                0x00000d7e       0x22 c:/ac6/systemworkbench/plugins/fr.ac6.mcu.externaltools.arm-none.win32_1.17.0.201812190825/tools/compiler/bin/../lib/gcc/arm-none-eabi/7.3.1/thumb/v7e-m/fpv4-sp/hard\libgcc.a(_arm_fixunsdfsi.o)
 .ARM.attributes
                0x00000da0       0x22 c:/ac6/systemworkbench/plugins/fr.ac6.mcu.externaltools.arm-none.win32_1.17.0.201812190825/tools/compiler/bin/../lib/gcc/arm-none-eabi/7.3.1/thumb/v7e-m/fpv4-sp/hard/crtn.o
OUTPUT(Tergicristalli.elf elf32-littlearm)

.debug_info     0x00000000     0x6292
 .debug_info    0x00000000      0xeed src/main.o
 .debug_info    0x00000eed      0x92c startup/sysmem.o
 .debug_info    0x00001819      0x57b stm32_unict_lib/src/adc.o
 .debug_info    0x00001d94      0x465 stm32_unict_lib/src/console.o
 .debug_info    0x000021f9      0xd51 stm32_unict_lib/src/display.o
 .debug_info    0x00002f4a      0xa8e stm32_unict_lib/src/gpio.o
 .debug_info    0x000039d8       0x22 stm32_unict_lib/src/startup_stm32f401xe.o
 .debug_info    0x000039fa      0xf7e stm32_unict_lib/src/syscalls.o
 .debug_info    0x00004978      0x55a stm32_unict_lib/src/system_init.o
 .debug_info    0x00004ed2      0x694 stm32_unict_lib/src/systick.o
 .debug_info    0x00005566      0x8ee stm32_unict_lib/src/timers.o
 .debug_info    0x00005e54      0x43e stm32_unict_lib/src/usart.o

.debug_abbrev   0x00000000     0x13ee
 .debug_abbrev  0x00000000      0x2dd src/main.o
 .debug_abbrev  0x000002dd      0x1f1 startup/sysmem.o
 .debug_abbrev  0x000004ce      0x138 stm32_unict_lib/src/adc.o
 .debug_abbrev  0x00000606      0x111 stm32_unict_lib/src/console.o
 .debug_abbrev  0x00000717      0x269 stm32_unict_lib/src/display.o
 .debug_abbrev  0x00000980      0x201 stm32_unict_lib/src/gpio.o
 .debug_abbrev  0x00000b81       0x12 stm32_unict_lib/src/startup_stm32f401xe.o
 .debug_abbrev  0x00000b93      0x26c stm32_unict_lib/src/syscalls.o
 .debug_abbrev  0x00000dff      0x11e stm32_unict_lib/src/system_init.o
 .debug_abbrev  0x00000f1d      0x1dd stm32_unict_lib/src/systick.o
 .debug_abbrev  0x000010fa      0x1ba stm32_unict_lib/src/timers.o
 .debug_abbrev  0x000012b4      0x13a stm32_unict_lib/src/usart.o

.debug_aranges  0x00000000      0x3b0
 .debug_aranges
                0x00000000       0x68 src/main.o
 .debug_aranges
                0x00000068       0x20 startup/sysmem.o
 .debug_aranges
                0x00000088       0x38 stm32_unict_lib/src/adc.o
 .debug_aranges
                0x000000c0       0x38 stm32_unict_lib/src/console.o
 .debug_aranges
                0x000000f8       0x58 stm32_unict_lib/src/display.o
 .debug_aranges
                0x00000150       0x88 stm32_unict_lib/src/gpio.o
 .debug_aranges
                0x000001d8       0x28 stm32_unict_lib/src/startup_stm32f401xe.o
 .debug_aranges
                0x00000200       0xb0 stm32_unict_lib/src/syscalls.o
 .debug_aranges
                0x000002b0       0x28 stm32_unict_lib/src/system_init.o
 .debug_aranges
                0x000002d8       0x48 stm32_unict_lib/src/systick.o
 .debug_aranges
                0x00000320       0x58 stm32_unict_lib/src/timers.o
 .debug_aranges
                0x00000378       0x38 stm32_unict_lib/src/usart.o

.debug_ranges   0x00000000      0x2f8
 .debug_ranges  0x00000000       0x58 src/main.o
 .debug_ranges  0x00000058       0x10 startup/sysmem.o
 .debug_ranges  0x00000068       0x28 stm32_unict_lib/src/adc.o
 .debug_ranges  0x00000090       0x28 stm32_unict_lib/src/console.o
 .debug_ranges  0x000000b8       0x48 stm32_unict_lib/src/display.o
 .debug_ranges  0x00000100       0x78 stm32_unict_lib/src/gpio.o
 .debug_ranges  0x00000178       0x20 stm32_unict_lib/src/startup_stm32f401xe.o
 .debug_ranges  0x00000198       0xa0 stm32_unict_lib/src/syscalls.o
 .debug_ranges  0x00000238       0x18 stm32_unict_lib/src/system_init.o
 .debug_ranges  0x00000250       0x38 stm32_unict_lib/src/systick.o
 .debug_ranges  0x00000288       0x48 stm32_unict_lib/src/timers.o
 .debug_ranges  0x000002d0       0x28 stm32_unict_lib/src/usart.o

.debug_macro    0x00000000    0x10ec9
 .debug_macro   0x00000000      0x2db src/main.o
 .debug_macro   0x000002db      0xa6c src/main.o
 .debug_macro   0x00000d47       0x18 src/main.o
 .debug_macro   0x00000d5f       0x22 src/main.o
 .debug_macro   0x00000d81       0x58 src/main.o
 .debug_macro   0x00000dd9       0x94 src/main.o
 .debug_macro   0x00000e6d       0x35 src/main.o
 .debug_macro   0x00000ea2       0x34 src/main.o
 .debug_macro   0x00000ed6       0x16 src/main.o
 .debug_macro   0x00000eec      0x10e src/main.o
 .debug_macro   0x00000ffa       0x8d src/main.o
 .debug_macro   0x00001087       0x57 src/main.o
 .debug_macro   0x000010de       0x58 src/main.o
 .debug_macro   0x00001136       0x1f src/main.o
 .debug_macro   0x00001155       0x43 src/main.o
 .debug_macro   0x00001198       0x20 src/main.o
 .debug_macro   0x000011b8      0x18e src/main.o
 .debug_macro   0x00001346      0x330 src/main.o
 .debug_macro   0x00001676       0x16 src/main.o
 .debug_macro   0x0000168c       0x29 src/main.o
 .debug_macro   0x000016b5       0x16 src/main.o
 .debug_macro   0x000016cb       0x35 src/main.o
 .debug_macro   0x00001700       0x1c src/main.o
 .debug_macro   0x0000171c       0x10 src/main.o
 .debug_macro   0x0000172c       0x10 src/main.o
 .debug_macro   0x0000173c       0x6a src/main.o
 .debug_macro   0x000017a6       0x1c src/main.o
 .debug_macro   0x000017c2       0x52 src/main.o
 .debug_macro   0x00001814       0x40 src/main.o
 .debug_macro   0x00001854       0x10 src/main.o
 .debug_macro   0x00001864       0x40 src/main.o
 .debug_macro   0x000018a4       0xd7 src/main.o
 .debug_macro   0x0000197b       0x1c src/main.o
 .debug_macro   0x00001997       0x3d src/main.o
 .debug_macro   0x000019d4       0x16 src/main.o
 .debug_macro   0x000019ea      0x16f src/main.o
 .debug_macro   0x00001b59       0x28 src/main.o
 .debug_macro   0x00001b81       0x28 src/main.o
 .debug_macro   0x00001ba9       0xef src/main.o
 .debug_macro   0x00001c98      0x1df src/main.o
 .debug_macro   0x00001e77       0x1c src/main.o
 .debug_macro   0x00001e93       0x22 src/main.o
 .debug_macro   0x00001eb5       0xd9 src/main.o
 .debug_macro   0x00001f8e     0x102d src/main.o
 .debug_macro   0x00002fbb      0x11f src/main.o
 .debug_macro   0x000030da     0xb86c src/main.o
 .debug_macro   0x0000e946       0x6d src/main.o
 .debug_macro   0x0000e9b3       0xd6 src/main.o
 .debug_macro   0x0000ea89       0x58 src/main.o
 .debug_macro   0x0000eae1       0x40 src/main.o
 .debug_macro   0x0000eb21       0x46 src/main.o
 .debug_macro   0x0000eb67       0x16 src/main.o
 .debug_macro   0x0000eb7d      0x1ae startup/sysmem.o
 .debug_macro   0x0000ed2b       0x10 startup/sysmem.o
 .debug_macro   0x0000ed3b      0x174 startup/sysmem.o
 .debug_macro   0x0000eeaf      0x23b startup/sysmem.o
 .debug_macro   0x0000f0ea       0x16 startup/sysmem.o
 .debug_macro   0x0000f100      0x12d stm32_unict_lib/src/adc.o
 .debug_macro   0x0000f22d       0x8e stm32_unict_lib/src/adc.o
 .debug_macro   0x0000f2bb       0x51 stm32_unict_lib/src/adc.o
 .debug_macro   0x0000f30c       0xdf stm32_unict_lib/src/adc.o
 .debug_macro   0x0000f3eb       0xea stm32_unict_lib/src/console.o
 .debug_macro   0x0000f4d5       0xdc stm32_unict_lib/src/console.o
 .debug_macro   0x0000f5b1      0x1ee stm32_unict_lib/src/display.o
 .debug_macro   0x0000f79f       0x5e stm32_unict_lib/src/display.o
 .debug_macro   0x0000f7fd      0x32a stm32_unict_lib/src/display.o
 .debug_macro   0x0000fb27       0x10 stm32_unict_lib/src/display.o
 .debug_macro   0x0000fb37       0xdd stm32_unict_lib/src/gpio.o
 .debug_macro   0x0000fc14      0x278 stm32_unict_lib/src/syscalls.o
 .debug_macro   0x0000fe8c       0x10 stm32_unict_lib/src/syscalls.o
 .debug_macro   0x0000fe9c       0x10 stm32_unict_lib/src/syscalls.o
 .debug_macro   0x0000feac       0x10 stm32_unict_lib/src/syscalls.o
 .debug_macro   0x0000febc       0x35 stm32_unict_lib/src/syscalls.o
 .debug_macro   0x0000fef1      0x122 stm32_unict_lib/src/syscalls.o
 .debug_macro   0x00010013      0x1e3 stm32_unict_lib/src/syscalls.o
 .debug_macro   0x000101f6       0x10 stm32_unict_lib/src/syscalls.o
 .debug_macro   0x00010206       0x10 stm32_unict_lib/src/syscalls.o
 .debug_macro   0x00010216       0x88 stm32_unict_lib/src/syscalls.o
 .debug_macro   0x0001029e      0x241 stm32_unict_lib/src/syscalls.o
 .debug_macro   0x000104df       0x16 stm32_unict_lib/src/syscalls.o
 .debug_macro   0x000104f5       0x16 stm32_unict_lib/src/syscalls.o
 .debug_macro   0x0001050b      0x51a stm32_unict_lib/src/syscalls.o
 .debug_macro   0x00010a25       0x3a stm32_unict_lib/src/syscalls.o
 .debug_macro   0x00010a5f       0xf0 stm32_unict_lib/src/system_init.o
 .debug_macro   0x00010b4f       0xfc stm32_unict_lib/src/systick.o
 .debug_macro   0x00010c4b       0x10 stm32_unict_lib/src/systick.o
 .debug_macro   0x00010c5b       0x28 stm32_unict_lib/src/systick.o
 .debug_macro   0x00010c83       0xdd stm32_unict_lib/src/timers.o
 .debug_macro   0x00010d60       0x52 stm32_unict_lib/src/timers.o
 .debug_macro   0x00010db2       0xdd stm32_unict_lib/src/usart.o
 .debug_macro   0x00010e8f       0x3a stm32_unict_lib/src/usart.o

.debug_line     0x00000000     0x439b
 .debug_line    0x00000000      0x899 src/main.o
 .debug_line    0x00000899      0x3e6 startup/sysmem.o
 .debug_line    0x00000c7f      0x5bb stm32_unict_lib/src/adc.o
 .debug_line    0x0000123a      0x570 stm32_unict_lib/src/console.o
 .debug_line    0x000017aa      0x74d stm32_unict_lib/src/display.o
 .debug_line    0x00001ef7      0x6f7 stm32_unict_lib/src/gpio.o
 .debug_line    0x000025ee       0xd6 stm32_unict_lib/src/startup_stm32f401xe.o
 .debug_line    0x000026c4      0x669 stm32_unict_lib/src/syscalls.o
 .debug_line    0x00002d2d      0x562 stm32_unict_lib/src/system_init.o
 .debug_line    0x0000328f      0x5a8 stm32_unict_lib/src/systick.o
 .debug_line    0x00003837      0x5fb stm32_unict_lib/src/timers.o
 .debug_line    0x00003e32      0x569 stm32_unict_lib/src/usart.o

.debug_str      0x00000000    0x5717c
 .debug_str     0x00000000    0x53f56 src/main.o
                              0x541ef (size before relaxing)
 .debug_str     0x00053f56      0x4bd startup/sysmem.o
                               0x77c0 (size before relaxing)
 .debug_str     0x00054413      0x1d7 stm32_unict_lib/src/adc.o
                              0x4ffc9 (size before relaxing)
 .debug_str     0x000545ea       0x9b stm32_unict_lib/src/console.o
                              0x4fc17 (size before relaxing)
 .debug_str     0x00054685      0x13d stm32_unict_lib/src/display.o
                              0x52dec (size before relaxing)
 .debug_str     0x000547c2      0x54e stm32_unict_lib/src/gpio.o
                              0x500c7 (size before relaxing)
 .debug_str     0x00054d10       0x86 stm32_unict_lib/src/startup_stm32f401xe.o
                                 0xb4 (size before relaxing)
 .debug_str     0x00054d96     0x1ecf stm32_unict_lib/src/syscalls.o
                               0x9725 (size before relaxing)
 .debug_str     0x00056c65      0x18c stm32_unict_lib/src/system_init.o
                              0x4f6a3 (size before relaxing)
 .debug_str     0x00056df1      0x1a3 stm32_unict_lib/src/systick.o
                              0x4fa12 (size before relaxing)
 .debug_str     0x00056f94      0x136 stm32_unict_lib/src/timers.o
                              0x4fc6f (size before relaxing)
 .debug_str     0x000570ca       0xb2 stm32_unict_lib/src/usart.o
                              0x4f66b (size before relaxing)

.comment        0x00000000       0x7f
 .comment       0x00000000       0x7f src/main.o
                                 0x80 (size before relaxing)
 .comment       0x0000007f       0x80 startup/sysmem.o
 .comment       0x0000007f       0x80 stm32_unict_lib/src/adc.o
 .comment       0x0000007f       0x80 stm32_unict_lib/src/console.o
 .comment       0x0000007f       0x80 stm32_unict_lib/src/display.o
 .comment       0x0000007f       0x80 stm32_unict_lib/src/gpio.o
 .comment       0x0000007f       0x80 stm32_unict_lib/src/syscalls.o
 .comment       0x0000007f       0x80 stm32_unict_lib/src/system_init.o
 .comment       0x0000007f       0x80 stm32_unict_lib/src/systick.o
 .comment       0x0000007f       0x80 stm32_unict_lib/src/timers.o
 .comment       0x0000007f       0x80 stm32_unict_lib/src/usart.o

.debug_frame    0x00000000     0x1f10
 .debug_frame   0x00000000      0x13c src/main.o
 .debug_frame   0x0000013c       0x34 startup/sysmem.o
 .debug_frame   0x00000170       0xb0 stm32_unict_lib/src/adc.o
 .debug_frame   0x00000220       0x88 stm32_unict_lib/src/console.o
 .debug_frame   0x000002a8      0x128 stm32_unict_lib/src/display.o
 .debug_frame   0x000003d0      0x238 stm32_unict_lib/src/gpio.o
 .debug_frame   0x00000608      0x2ec stm32_unict_lib/src/syscalls.o
 .debug_frame   0x000008f4       0x48 stm32_unict_lib/src/system_init.o
 .debug_frame   0x0000093c       0xe0 stm32_unict_lib/src/systick.o
 .debug_frame   0x00000a1c      0x148 stm32_unict_lib/src/timers.o
 .debug_frame   0x00000b64       0xb0 stm32_unict_lib/src/usart.o
 .debug_frame   0x00000c14       0xac c:/ac6/systemworkbench/plugins/fr.ac6.mcu.externaltools.arm-none.win32_1.17.0.201812190825/tools/compiler/bin/../lib/gcc/arm-none-eabi/7.3.1/thumb/v7e-m/fpv4-sp/hard\libgcc.a(_arm_addsubdf3.o)
 .debug_frame   0x00000cc0       0x50 c:/ac6/systemworkbench/plugins/fr.ac6.mcu.externaltools.arm-none.win32_1.17.0.201812190825/tools/compiler/bin/../lib/gcc/arm-none-eabi/7.3.1/thumb/v7e-m/fpv4-sp/hard\libgcc.a(_arm_muldivdf3.o)
 .debug_frame   0x00000d10       0xc4 c:/ac6/systemworkbench/plugins/fr.ac6.mcu.externaltools.arm-none.win32_1.17.0.201812190825/tools/compiler/bin/../lib/gcc/arm-none-eabi/7.3.1/thumb/v7e-m/fpv4-sp/hard\libgcc.a(_arm_cmpdf2.o)
 .debug_frame   0x00000dd4       0x24 c:/ac6/systemworkbench/plugins/fr.ac6.mcu.externaltools.arm-none.win32_1.17.0.201812190825/tools/compiler/bin/../lib/gcc/arm-none-eabi/7.3.1/thumb/v7e-m/fpv4-sp/hard\libgcc.a(_arm_fixdfsi.o)
 .debug_frame   0x00000df8       0x20 c:/ac6/systemworkbench/plugins/fr.ac6.mcu.externaltools.arm-none.win32_1.17.0.201812190825/tools/compiler/bin/../lib/gcc/arm-none-eabi/7.3.1/../../../../arm-none-eabi/lib/thumb/v7e-m/fpv4-sp/hard\libc.a(lib_a-errno.o)
 .debug_frame   0x00000e18       0x5c c:/ac6/systemworkbench/plugins/fr.ac6.mcu.externaltools.arm-none.win32_1.17.0.201812190825/tools/compiler/bin/../lib/gcc/arm-none-eabi/7.3.1/../../../../arm-none-eabi/lib/thumb/v7e-m/fpv4-sp/hard\libc.a(lib_a-fflush.o)
 .debug_frame   0x00000e74      0x148 c:/ac6/systemworkbench/plugins/fr.ac6.mcu.externaltools.arm-none.win32_1.17.0.201812190825/tools/compiler/bin/../lib/gcc/arm-none-eabi/7.3.1/../../../../arm-none-eabi/lib/thumb/v7e-m/fpv4-sp/hard\libc.a(lib_a-findfp.o)
 .debug_frame   0x00000fbc       0x80 c:/ac6/systemworkbench/plugins/fr.ac6.mcu.externaltools.arm-none.win32_1.17.0.201812190825/tools/compiler/bin/../lib/gcc/arm-none-eabi/7.3.1/../../../../arm-none-eabi/lib/thumb/v7e-m/fpv4-sp/hard\libc.a(lib_a-freer.o)
 .debug_frame   0x0000103c       0x54 c:/ac6/systemworkbench/plugins/fr.ac6.mcu.externaltools.arm-none.win32_1.17.0.201812190825/tools/compiler/bin/../lib/gcc/arm-none-eabi/7.3.1/../../../../arm-none-eabi/lib/thumb/v7e-m/fpv4-sp/hard\libc.a(lib_a-fwalk.o)
 .debug_frame   0x00001090       0x2c c:/ac6/systemworkbench/plugins/fr.ac6.mcu.externaltools.arm-none.win32_1.17.0.201812190825/tools/compiler/bin/../lib/gcc/arm-none-eabi/7.3.1/../../../../arm-none-eabi/lib/thumb/v7e-m/fpv4-sp/hard\libc.a(lib_a-init.o)
 .debug_frame   0x000010bc       0xb0 c:/ac6/systemworkbench/plugins/fr.ac6.mcu.externaltools.arm-none.win32_1.17.0.201812190825/tools/compiler/bin/../lib/gcc/arm-none-eabi/7.3.1/../../../../arm-none-eabi/lib/thumb/v7e-m/fpv4-sp/hard\libc.a(lib_a-lock.o)
 .debug_frame   0x0000116c       0x54 c:/ac6/systemworkbench/plugins/fr.ac6.mcu.externaltools.arm-none.win32_1.17.0.201812190825/tools/compiler/bin/../lib/gcc/arm-none-eabi/7.3.1/../../../../arm-none-eabi/lib/thumb/v7e-m/fpv4-sp/hard\libc.a(lib_a-mallocr.o)
 .debug_frame   0x000011c0       0x38 c:/ac6/systemworkbench/plugins/fr.ac6.mcu.externaltools.arm-none.win32_1.17.0.201812190825/tools/compiler/bin/../lib/gcc/arm-none-eabi/7.3.1/../../../../arm-none-eabi/lib/thumb/v7e-m/fpv4-sp/hard\libc.a(lib_a-memset.o)
 .debug_frame   0x000011f8       0x30 c:/ac6/systemworkbench/plugins/fr.ac6.mcu.externaltools.arm-none.win32_1.17.0.201812190825/tools/compiler/bin/../lib/gcc/arm-none-eabi/7.3.1/../../../../arm-none-eabi/lib/thumb/v7e-m/fpv4-sp/hard\libc.a(lib_a-mlock.o)
 .debug_frame   0x00001228       0x30 c:/ac6/systemworkbench/plugins/fr.ac6.mcu.externaltools.arm-none.win32_1.17.0.201812190825/tools/compiler/bin/../lib/gcc/arm-none-eabi/7.3.1/../../../../arm-none-eabi/lib/thumb/v7e-m/fpv4-sp/hard\libc.a(lib_a-putchar.o)
 .debug_frame   0x00001258       0x4c c:/ac6/systemworkbench/plugins/fr.ac6.mcu.externaltools.arm-none.win32_1.17.0.201812190825/tools/compiler/bin/../lib/gcc/arm-none-eabi/7.3.1/../../../../arm-none-eabi/lib/thumb/v7e-m/fpv4-sp/hard\libc.a(lib_a-puts.o)